[2026-04-02 23:00:56] 
==================================================
[2026-04-02 23:00:56]   CONVNEXT — Fold 1/5
[2026-04-02 23:00:56] ==================================================
[2026-04-02 23:11:29] ------------------------------
[2026-04-02 23:11:29] Epoch 0 | Train Loss: 139.4270 | Val Loss: 2.2664 | Macro-F1: 0.2751 | LR: 0.00005000
[2026-04-02 23:11:30] ✅ 发现更佳模型! 保存路径: best_convnext_fold0.pth, Macro-F1: 0.2751
[2026-04-02 23:22:02] ------------------------------
[2026-04-02 23:22:02] Epoch 1 | Train Loss: 61.5261 | Val Loss: 1.4759 | Macro-F1: 0.3382 | LR: 0.00005000
[2026-04-02 23:22:06] ✅ 发现更佳模型! 保存路径: best_convnext_fold0.pth, Macro-F1: 0.3382
[2026-04-02 23:32:38] ------------------------------
[2026-04-02 23:32:38] Epoch 2 | Train Loss: 51.9778 | Val Loss: 1.6139 | Macro-F1: 0.3709 | LR: 0.00005000
[2026-04-02 23:32:41] ✅ 发现更佳模型! 保存路径: best_convnext_fold0.pth, Macro-F1: 0.3709
[2026-04-02 23:43:14] ------------------------------
[2026-04-02 23:43:14] Epoch 3 | Train Loss: 49.9289 | Val Loss: 1.3100 | Macro-F1: 0.4357 | LR: 0.00005000
[2026-04-02 23:43:17] ✅ 发现更佳模型! 保存路径: best_convnext_fold0.pth, Macro-F1: 0.4357
[2026-04-02 23:53:50] ------------------------------
[2026-04-02 23:53:50] Epoch 4 | Train Loss: 46.8445 | Val Loss: 0.9194 | Macro-F1: 0.4813 | LR: 0.00005000
[2026-04-02 23:53:54] ✅ 发现更佳模型! 保存路径: best_convnext_fold0.pth, Macro-F1: 0.4813
[2026-04-03 00:04:27] ------------------------------
[2026-04-03 00:04:27] Epoch 5 | Train Loss: 45.4288 | Val Loss: 1.2018 | Macro-F1: 0.4885 | LR: 0.00005000
[2026-04-03 00:04:30] ✅ 发现更佳模型! 保存路径: best_convnext_fold0.pth, Macro-F1: 0.4885
[2026-04-03 00:15:03] ------------------------------
[2026-04-03 00:15:03] Epoch 6 | Train Loss: 44.0038 | Val Loss: 1.0810 | Macro-F1: 0.5077 | LR: 0.00005000
[2026-04-03 00:15:06] ✅ 发现更佳模型! 保存路径: best_convnext_fold0.pth, Macro-F1: 0.5077
[2026-04-03 00:25:39] ------------------------------
[2026-04-03 00:25:39] Epoch 7 | Train Loss: 43.6699 | Val Loss: 1.1506 | Macro-F1: 0.4385 | LR: 0.00005000
[2026-04-03 00:36:12] ------------------------------
[2026-04-03 00:36:12] Epoch 8 | Train Loss: 42.4110 | Val Loss: 1.1479 | Macro-F1: 0.5350 | LR: 0.00005000
[2026-04-03 00:36:16] ✅ 发现更佳模型! 保存路径: best_convnext_fold0.pth, Macro-F1: 0.5350
[2026-04-03 00:46:48] ------------------------------
[2026-04-03 00:46:48] Epoch 9 | Train Loss: 40.4929 | Val Loss: 0.6316 | Macro-F1: 0.5819 | LR: 0.00005000
[2026-04-03 00:46:54] ✅ 发现更佳模型! 保存路径: best_convnext_fold0.pth, Macro-F1: 0.5819
[2026-04-03 00:57:28] ------------------------------
[2026-04-03 00:57:28] Epoch 10 | Train Loss: 40.3374 | Val Loss: 0.8677 | Macro-F1: 0.5523 | LR: 0.00005000
[2026-04-03 01:08:02] ------------------------------
[2026-04-03 01:08:02] Epoch 11 | Train Loss: 41.2720 | Val Loss: 1.0045 | Macro-F1: 0.5469 | LR: 0.00005000
[2026-04-03 01:18:36] ------------------------------
[2026-04-03 01:18:36] Epoch 12 | Train Loss: 39.4809 | Val Loss: 1.4926 | Macro-F1: 0.5285 | LR: 0.00005000
[2026-04-03 01:29:09] ------------------------------
[2026-04-03 01:29:09] Epoch 13 | Train Loss: 39.1752 | Val Loss: 1.1092 | Macro-F1: 0.5250 | LR: 0.00005000
[2026-04-03 01:39:43] ------------------------------
[2026-04-03 01:39:43] Epoch 14 | Train Loss: 39.0192 | Val Loss: 1.2881 | Macro-F1: 0.5499 | LR: 0.00005000
[2026-04-03 01:50:16] ------------------------------
[2026-04-03 01:50:16] Epoch 15 | Train Loss: 39.5640 | Val Loss: 1.0922 | Macro-F1: 0.5285 | LR: 0.00005000
[2026-04-03 02:00:49] ------------------------------
[2026-04-03 02:00:49] Epoch 16 | Train Loss: 36.3863 | Val Loss: 0.5961 | Macro-F1: 0.6139 | LR: 0.00002500
[2026-04-03 02:00:53] ✅ 发现更佳模型! 保存路径: best_convnext_fold0.pth, Macro-F1: 0.6139
[2026-04-03 02:11:25] ------------------------------
[2026-04-03 02:11:25] Epoch 17 | Train Loss: 35.6804 | Val Loss: 0.8778 | Macro-F1: 0.5395 | LR: 0.00002500
[2026-04-03 02:21:59] ------------------------------
[2026-04-03 02:21:59] Epoch 18 | Train Loss: 35.6111 | Val Loss: 0.6277 | Macro-F1: 0.6365 | LR: 0.00002500
[2026-04-03 02:22:02] ✅ 发现更佳模型! 保存路径: best_convnext_fold0.pth, Macro-F1: 0.6365
[2026-04-03 02:32:35] ------------------------------
[2026-04-03 02:32:35] Epoch 19 | Train Loss: 35.7506 | Val Loss: 1.2810 | Macro-F1: 0.4553 | LR: 0.00002500
[2026-04-03 02:43:08] ------------------------------
[2026-04-03 02:43:08] Epoch 20 | Train Loss: 35.7070 | Val Loss: 1.1302 | Macro-F1: 0.5675 | LR: 0.00002500
[2026-04-03 02:53:42] ------------------------------
[2026-04-03 02:53:42] Epoch 21 | Train Loss: 35.3950 | Val Loss: 0.9329 | Macro-F1: 0.5721 | LR: 0.00002500
[2026-04-03 03:04:14] ------------------------------
[2026-04-03 03:04:14] Epoch 22 | Train Loss: 35.1335 | Val Loss: 1.2507 | Macro-F1: 0.5551 | LR: 0.00002500
[2026-04-03 03:14:47] ------------------------------
[2026-04-03 03:14:47] Epoch 23 | Train Loss: 35.9647 | Val Loss: 0.9734 | Macro-F1: 0.5702 | LR: 0.00002500
[2026-04-03 03:25:20] ------------------------------
[2026-04-03 03:25:20] Epoch 24 | Train Loss: 36.0934 | Val Loss: 1.1381 | Macro-F1: 0.5283 | LR: 0.00002500
[2026-04-03 03:35:54] ------------------------------
[2026-04-03 03:35:54] Epoch 25 | Train Loss: 34.7073 | Val Loss: 0.6719 | Macro-F1: 0.5987 | LR: 0.00001250
[2026-04-03 03:46:27] ------------------------------
[2026-04-03 03:46:27] Epoch 26 | Train Loss: 34.4085 | Val Loss: 1.0895 | Macro-F1: 0.5484 | LR: 0.00001250
[2026-04-03 03:56:59] ------------------------------
[2026-04-03 03:56:59] Epoch 27 | Train Loss: 34.5212 | Val Loss: 0.6542 | Macro-F1: 0.5873 | LR: 0.00001250
[2026-04-03 04:07:32] ------------------------------
[2026-04-03 04:07:32] Epoch 28 | Train Loss: 34.3090 | Val Loss: 0.8798 | Macro-F1: 0.5588 | LR: 0.00001250
[2026-04-03 04:18:06] ------------------------------
[2026-04-03 04:18:06] Epoch 29 | Train Loss: 34.3417 | Val Loss: 0.8382 | Macro-F1: 0.5991 | LR: 0.00001250
[2026-04-03 04:28:39] ------------------------------
[2026-04-03 04:28:39] Epoch 30 | Train Loss: 34.2924 | Val Loss: 0.7077 | Macro-F1: 0.5986 | LR: 0.00001250
[2026-04-03 04:39:12] ------------------------------
[2026-04-03 04:39:12] Epoch 31 | Train Loss: 34.1352 | Val Loss: 0.6781 | Macro-F1: 0.6057 | LR: 0.00000625
[2026-04-03 04:49:46] ------------------------------
[2026-04-03 04:49:46] Epoch 32 | Train Loss: 34.1444 | Val Loss: 0.7476 | Macro-F1: 0.5987 | LR: 0.00000625
[2026-04-03 05:00:20] ------------------------------
[2026-04-03 05:00:20] Epoch 33 | Train Loss: 34.4161 | Val Loss: 0.6049 | Macro-F1: 0.6141 | LR: 0.00000625
[2026-04-03 05:10:54] ------------------------------
[2026-04-03 05:10:54] Epoch 34 | Train Loss: 33.9131 | Val Loss: 0.7172 | Macro-F1: 0.5957 | LR: 0.00000625
[2026-04-03 05:21:27] ------------------------------
[2026-04-03 05:21:27] Epoch 35 | Train Loss: 34.0047 | Val Loss: 0.7152 | Macro-F1: 0.6088 | LR: 0.00000625
[2026-04-03 05:32:00] ------------------------------
[2026-04-03 05:32:00] Epoch 36 | Train Loss: 34.0613 | Val Loss: 0.9503 | Macro-F1: 0.5685 | LR: 0.00000625
[2026-04-03 05:42:34] ------------------------------
[2026-04-03 05:42:34] Epoch 37 | Train Loss: 34.0398 | Val Loss: 0.7911 | Macro-F1: 0.6003 | LR: 0.00000313
[2026-04-03 05:53:07] ------------------------------
[2026-04-03 05:53:07] Epoch 38 | Train Loss: 33.9340 | Val Loss: 0.6261 | Macro-F1: 0.6222 | LR: 0.00000313
[2026-04-03 06:03:41] ------------------------------
[2026-04-03 06:03:41] Epoch 39 | Train Loss: 34.0767 | Val Loss: 0.6359 | Macro-F1: 0.6505 | LR: 0.00000313
[2026-04-03 06:03:44] ✅ 发现更佳模型! 保存路径: best_convnext_fold0.pth, Macro-F1: 0.6505
[2026-04-03 06:14:17] ------------------------------
[2026-04-03 06:14:17] Epoch 40 | Train Loss: 33.9059 | Val Loss: 0.7627 | Macro-F1: 0.6220 | LR: 0.00000313
[2026-04-03 06:24:51] ------------------------------
[2026-04-03 06:24:51] Epoch 41 | Train Loss: 33.8680 | Val Loss: 0.7155 | Macro-F1: 0.6221 | LR: 0.00000313
[2026-04-03 06:35:24] ------------------------------
[2026-04-03 06:35:24] Epoch 42 | Train Loss: 33.9171 | Val Loss: 0.8010 | Macro-F1: 0.6056 | LR: 0.00000313
[2026-04-03 06:45:57] ------------------------------
[2026-04-03 06:45:57] Epoch 43 | Train Loss: 33.8117 | Val Loss: 0.8206 | Macro-F1: 0.5922 | LR: 0.00000313
[2026-04-03 06:56:31] ------------------------------
[2026-04-03 06:56:31] Epoch 44 | Train Loss: 33.8703 | Val Loss: 0.7546 | Macro-F1: 0.6030 | LR: 0.00000313
[2026-04-03 07:07:04] ------------------------------
[2026-04-03 07:07:04] Epoch 45 | Train Loss: 33.8372 | Val Loss: 0.9532 | Macro-F1: 0.5679 | LR: 0.00000313
[2026-04-03 07:17:37] ------------------------------
[2026-04-03 07:17:37] Epoch 46 | Train Loss: 33.7967 | Val Loss: 0.8593 | Macro-F1: 0.5825 | LR: 0.00000156
[2026-04-03 07:28:10] ------------------------------
[2026-04-03 07:28:10] Epoch 47 | Train Loss: 33.7868 | Val Loss: 0.7697 | Macro-F1: 0.5967 | LR: 0.00000156
[2026-04-03 07:38:43] ------------------------------
[2026-04-03 07:38:43] Epoch 48 | Train Loss: 33.8018 | Val Loss: 0.7988 | Macro-F1: 0.5960 | LR: 0.00000156
[2026-04-03 07:49:16] ------------------------------
[2026-04-03 07:49:16] Epoch 49 | Train Loss: 33.9041 | Val Loss: 0.6691 | Macro-F1: 0.6159 | LR: 0.00000156
[2026-04-03 07:59:49] ------------------------------
[2026-04-03 07:59:49] Epoch 50 | Train Loss: 33.7709 | Val Loss: 0.7599 | Macro-F1: 0.5962 | LR: 0.00000156
[2026-04-03 08:10:22] ------------------------------
[2026-04-03 08:10:22] Epoch 51 | Train Loss: 33.7280 | Val Loss: 0.7297 | Macro-F1: 0.6009 | LR: 0.00000156
[2026-04-03 08:20:55] ------------------------------
[2026-04-03 08:20:55] Epoch 52 | Train Loss: 33.7928 | Val Loss: 0.7555 | Macro-F1: 0.5907 | LR: 0.00000078
[2026-04-03 08:31:28] ------------------------------
[2026-04-03 08:31:28] Epoch 53 | Train Loss: 33.7248 | Val Loss: 0.7832 | Macro-F1: 0.5886 | LR: 0.00000078
[2026-04-03 08:42:00] ------------------------------
[2026-04-03 08:42:00] Epoch 54 | Train Loss: 33.7990 | Val Loss: 0.7987 | Macro-F1: 0.5863 | LR: 0.00000078
[2026-04-03 08:52:34] ------------------------------
[2026-04-03 08:52:34] Epoch 55 | Train Loss: 33.7265 | Val Loss: 0.8328 | Macro-F1: 0.5820 | LR: 0.00000078
[2026-04-03 09:03:07] ------------------------------
[2026-04-03 09:03:07] Epoch 56 | Train Loss: 33.7975 | Val Loss: 0.6449 | Macro-F1: 0.6233 | LR: 0.00000078
[2026-04-03 09:13:40] ------------------------------
[2026-04-03 09:13:40] Epoch 57 | Train Loss: 33.7428 | Val Loss: 0.7027 | Macro-F1: 0.6118 | LR: 0.00000078
[2026-04-03 09:24:13] ------------------------------
[2026-04-03 09:24:13] Epoch 58 | Train Loss: 33.7525 | Val Loss: 0.7217 | Macro-F1: 0.6100 | LR: 0.00000039
[2026-04-03 09:34:46] ------------------------------
[2026-04-03 09:34:46] Epoch 59 | Train Loss: 33.7555 | Val Loss: 0.7453 | Macro-F1: 0.6064 | LR: 0.00000039
[2026-04-03 09:34:46] 
==================================================
[2026-04-03 09:34:46]   CONVNEXT — Fold 2/5
[2026-04-03 09:34:46] ==================================================
[2026-04-03 09:45:22] ------------------------------
[2026-04-03 09:45:22] Epoch 0 | Train Loss: 131.2402 | Val Loss: 2.5959 | Macro-F1: 0.1755 | LR: 0.00005000
[2026-04-03 09:45:23] ✅ 发现更佳模型! 保存路径: best_convnext_fold1.pth, Macro-F1: 0.1755
[2026-04-03 09:55:56] ------------------------------
[2026-04-03 09:55:56] Epoch 1 | Train Loss: 60.8657 | Val Loss: 1.7981 | Macro-F1: 0.2925 | LR: 0.00005000
[2026-04-03 09:55:59] ✅ 发现更佳模型! 保存路径: best_convnext_fold1.pth, Macro-F1: 0.2925
[2026-04-03 10:06:31] ------------------------------
[2026-04-03 10:06:31] Epoch 2 | Train Loss: 51.9008 | Val Loss: 1.6912 | Macro-F1: 0.3768 | LR: 0.00005000
[2026-04-03 10:06:35] ✅ 发现更佳模型! 保存路径: best_convnext_fold1.pth, Macro-F1: 0.3768
[2026-04-03 10:17:08] ------------------------------
[2026-04-03 10:17:08] Epoch 3 | Train Loss: 48.2634 | Val Loss: 1.2746 | Macro-F1: 0.4131 | LR: 0.00005000
[2026-04-03 10:17:13] ✅ 发现更佳模型! 保存路径: best_convnext_fold1.pth, Macro-F1: 0.4131
[2026-04-03 10:27:47] ------------------------------
[2026-04-03 10:27:47] Epoch 4 | Train Loss: 45.6058 | Val Loss: 1.4967 | Macro-F1: 0.4481 | LR: 0.00005000
[2026-04-03 10:27:50] ✅ 发现更佳模型! 保存路径: best_convnext_fold1.pth, Macro-F1: 0.4481
[2026-04-03 10:38:24] ------------------------------
[2026-04-03 10:38:24] Epoch 5 | Train Loss: 44.9589 | Val Loss: 1.4052 | Macro-F1: 0.4060 | LR: 0.00005000
[2026-04-03 10:48:57] ------------------------------
[2026-04-03 10:48:57] Epoch 6 | Train Loss: 43.8685 | Val Loss: 1.4528 | Macro-F1: 0.4013 | LR: 0.00005000
[2026-04-03 10:59:31] ------------------------------
[2026-04-03 10:59:31] Epoch 7 | Train Loss: 42.6497 | Val Loss: 2.2861 | Macro-F1: 0.3151 | LR: 0.00005000
[2026-04-03 11:10:04] ------------------------------
[2026-04-03 11:10:04] Epoch 8 | Train Loss: 41.0788 | Val Loss: 1.3252 | Macro-F1: 0.4199 | LR: 0.00005000
[2026-04-03 11:20:38] ------------------------------
[2026-04-03 11:20:38] Epoch 9 | Train Loss: 39.9248 | Val Loss: 2.2745 | Macro-F1: 0.3334 | LR: 0.00005000
[2026-04-03 11:31:11] ------------------------------
[2026-04-03 11:31:11] Epoch 10 | Train Loss: 39.7071 | Val Loss: 0.6353 | Macro-F1: 0.5942 | LR: 0.00005000
[2026-04-03 11:31:15] ✅ 发现更佳模型! 保存路径: best_convnext_fold1.pth, Macro-F1: 0.5942
[2026-04-03 11:41:48] ------------------------------
[2026-04-03 11:41:48] Epoch 11 | Train Loss: 40.0820 | Val Loss: 1.0881 | Macro-F1: 0.5037 | LR: 0.00005000
[2026-04-03 11:52:22] ------------------------------
[2026-04-03 11:52:22] Epoch 12 | Train Loss: 39.5082 | Val Loss: 1.5226 | Macro-F1: 0.4954 | LR: 0.00005000
[2026-04-03 12:02:56] ------------------------------
[2026-04-03 12:02:56] Epoch 13 | Train Loss: 40.0779 | Val Loss: 1.7607 | Macro-F1: 0.4412 | LR: 0.00005000
[2026-04-03 12:13:30] ------------------------------
[2026-04-03 12:13:30] Epoch 14 | Train Loss: 38.7225 | Val Loss: 1.0428 | Macro-F1: 0.5561 | LR: 0.00005000
[2026-04-03 12:24:03] ------------------------------
[2026-04-03 12:24:03] Epoch 15 | Train Loss: 37.7403 | Val Loss: 0.6522 | Macro-F1: 0.6288 | LR: 0.00005000
[2026-04-03 12:24:09] ✅ 发现更佳模型! 保存路径: best_convnext_fold1.pth, Macro-F1: 0.6288
[2026-04-03 12:34:43] ------------------------------
[2026-04-03 12:34:43] Epoch 16 | Train Loss: 36.9769 | Val Loss: 1.1033 | Macro-F1: 0.5622 | LR: 0.00005000
[2026-04-03 12:45:17] ------------------------------
[2026-04-03 12:45:17] Epoch 17 | Train Loss: 37.6382 | Val Loss: 1.3789 | Macro-F1: 0.4512 | LR: 0.00005000
[2026-04-03 12:55:52] ------------------------------
[2026-04-03 12:55:52] Epoch 18 | Train Loss: 39.4196 | Val Loss: 1.1325 | Macro-F1: 0.4948 | LR: 0.00005000
[2026-04-03 13:06:25] ------------------------------
[2026-04-03 13:06:25] Epoch 19 | Train Loss: 37.3931 | Val Loss: 0.9871 | Macro-F1: 0.5011 | LR: 0.00005000
[2026-04-03 13:16:55] ------------------------------
[2026-04-03 13:16:55] Epoch 20 | Train Loss: 37.5052 | Val Loss: 0.9266 | Macro-F1: 0.5383 | LR: 0.00005000
[2026-04-03 13:27:25] ------------------------------
[2026-04-03 13:27:25] Epoch 21 | Train Loss: 35.8857 | Val Loss: 0.8749 | Macro-F1: 0.5406 | LR: 0.00005000
[2026-04-03 13:37:54] ------------------------------
[2026-04-03 13:37:54] Epoch 22 | Train Loss: 35.2022 | Val Loss: 0.7859 | Macro-F1: 0.5642 | LR: 0.00002500
[2026-04-03 13:48:23] ------------------------------
[2026-04-03 13:48:23] Epoch 23 | Train Loss: 35.2473 | Val Loss: 1.2382 | Macro-F1: 0.4963 | LR: 0.00002500
[2026-04-03 13:58:53] ------------------------------
[2026-04-03 13:58:53] Epoch 24 | Train Loss: 34.8545 | Val Loss: 1.6131 | Macro-F1: 0.4730 | LR: 0.00002500
[2026-04-03 14:09:22] ------------------------------
[2026-04-03 14:09:22] Epoch 25 | Train Loss: 34.6692 | Val Loss: 1.0659 | Macro-F1: 0.5099 | LR: 0.00002500
[2026-04-03 14:19:52] ------------------------------
[2026-04-03 14:19:52] Epoch 26 | Train Loss: 34.7290 | Val Loss: 0.9018 | Macro-F1: 0.5595 | LR: 0.00002500
[2026-04-03 14:30:21] ------------------------------
[2026-04-03 14:30:21] Epoch 27 | Train Loss: 34.7572 | Val Loss: 1.5084 | Macro-F1: 0.4722 | LR: 0.00002500
[2026-04-03 14:40:51] ------------------------------
[2026-04-03 14:40:51] Epoch 28 | Train Loss: 34.5113 | Val Loss: 0.7076 | Macro-F1: 0.5921 | LR: 0.00001250
[2026-04-03 14:51:20] ------------------------------
[2026-04-03 14:51:20] Epoch 29 | Train Loss: 34.1727 | Val Loss: 1.0195 | Macro-F1: 0.5264 | LR: 0.00001250
[2026-04-03 15:01:49] ------------------------------
[2026-04-03 15:01:49] Epoch 30 | Train Loss: 34.2549 | Val Loss: 0.7845 | Macro-F1: 0.5563 | LR: 0.00001250
[2026-04-03 15:12:18] ------------------------------
[2026-04-03 15:12:18] Epoch 31 | Train Loss: 34.2056 | Val Loss: 0.9092 | Macro-F1: 0.5651 | LR: 0.00001250
[2026-04-03 15:22:47] ------------------------------
[2026-04-03 15:22:47] Epoch 32 | Train Loss: 34.0645 | Val Loss: 1.0934 | Macro-F1: 0.5538 | LR: 0.00001250
[2026-04-03 15:33:16] ------------------------------
[2026-04-03 15:33:16] Epoch 33 | Train Loss: 34.0595 | Val Loss: 1.0390 | Macro-F1: 0.5575 | LR: 0.00001250
[2026-04-03 15:43:45] ------------------------------
[2026-04-03 15:43:45] Epoch 34 | Train Loss: 34.0781 | Val Loss: 1.1539 | Macro-F1: 0.5594 | LR: 0.00000625
[2026-04-03 15:54:14] ------------------------------
[2026-04-03 15:54:14] Epoch 35 | Train Loss: 34.0247 | Val Loss: 1.2430 | Macro-F1: 0.5392 | LR: 0.00000625
[2026-04-03 16:04:44] ------------------------------
[2026-04-03 16:04:44] Epoch 36 | Train Loss: 34.0882 | Val Loss: 0.9474 | Macro-F1: 0.5654 | LR: 0.00000625
[2026-04-03 16:15:13] ------------------------------
[2026-04-03 16:15:13] Epoch 37 | Train Loss: 33.8132 | Val Loss: 0.9386 | Macro-F1: 0.5763 | LR: 0.00000625
[2026-04-03 16:25:42] ------------------------------
[2026-04-03 16:25:42] Epoch 38 | Train Loss: 33.9524 | Val Loss: 1.0403 | Macro-F1: 0.5466 | LR: 0.00000625
[2026-04-03 16:36:11] ------------------------------
[2026-04-03 16:36:11] Epoch 39 | Train Loss: 33.7357 | Val Loss: 1.0782 | Macro-F1: 0.5318 | LR: 0.00000625
[2026-04-03 16:46:40] ------------------------------
[2026-04-03 16:46:40] Epoch 40 | Train Loss: 33.7776 | Val Loss: 1.0488 | Macro-F1: 0.5448 | LR: 0.00000313
[2026-04-03 16:57:09] ------------------------------
[2026-04-03 16:57:09] Epoch 41 | Train Loss: 33.7396 | Val Loss: 1.0777 | Macro-F1: 0.5388 | LR: 0.00000313
[2026-04-03 17:07:39] ------------------------------
[2026-04-03 17:07:39] Epoch 42 | Train Loss: 33.8636 | Val Loss: 0.8704 | Macro-F1: 0.5760 | LR: 0.00000313
[2026-04-03 17:18:08] ------------------------------
[2026-04-03 17:18:08] Epoch 43 | Train Loss: 33.8404 | Val Loss: 0.8479 | Macro-F1: 0.5828 | LR: 0.00000313
[2026-04-03 17:28:37] ------------------------------
[2026-04-03 17:28:37] Epoch 44 | Train Loss: 33.8479 | Val Loss: 0.7775 | Macro-F1: 0.5902 | LR: 0.00000313
[2026-04-03 17:39:05] ------------------------------
[2026-04-03 17:39:05] Epoch 45 | Train Loss: 33.8145 | Val Loss: 0.8164 | Macro-F1: 0.5753 | LR: 0.00000313
[2026-04-03 17:49:34] ------------------------------
[2026-04-03 17:49:34] Epoch 46 | Train Loss: 33.6932 | Val Loss: 0.9206 | Macro-F1: 0.5558 | LR: 0.00000156
[2026-04-03 18:00:03] ------------------------------
[2026-04-03 18:00:03] Epoch 47 | Train Loss: 33.7740 | Val Loss: 0.8899 | Macro-F1: 0.5572 | LR: 0.00000156
[2026-04-03 18:10:32] ------------------------------
[2026-04-03 18:10:32] Epoch 48 | Train Loss: 33.7826 | Val Loss: 0.8181 | Macro-F1: 0.5805 | LR: 0.00000156
[2026-04-03 18:21:01] ------------------------------
[2026-04-03 18:21:01] Epoch 49 | Train Loss: 33.7297 | Val Loss: 0.8748 | Macro-F1: 0.5612 | LR: 0.00000156
[2026-04-03 18:31:30] ------------------------------
[2026-04-03 18:31:30] Epoch 50 | Train Loss: 33.7691 | Val Loss: 0.9722 | Macro-F1: 0.5482 | LR: 0.00000156
[2026-04-03 18:41:59] ------------------------------
[2026-04-03 18:41:59] Epoch 51 | Train Loss: 33.7389 | Val Loss: 0.9251 | Macro-F1: 0.5640 | LR: 0.00000156
[2026-04-03 18:52:27] ------------------------------
[2026-04-03 18:52:27] Epoch 52 | Train Loss: 33.7005 | Val Loss: 0.9453 | Macro-F1: 0.5640 | LR: 0.00000078
[2026-04-03 19:02:56] ------------------------------
[2026-04-03 19:02:56] Epoch 53 | Train Loss: 33.6856 | Val Loss: 0.9429 | Macro-F1: 0.5614 | LR: 0.00000078
[2026-04-03 19:13:25] ------------------------------
[2026-04-03 19:13:25] Epoch 54 | Train Loss: 33.6943 | Val Loss: 0.9729 | Macro-F1: 0.5606 | LR: 0.00000078
[2026-04-03 19:23:54] ------------------------------
[2026-04-03 19:23:54] Epoch 55 | Train Loss: 33.7213 | Val Loss: 0.9510 | Macro-F1: 0.5635 | LR: 0.00000078
[2026-04-03 19:34:23] ------------------------------
[2026-04-03 19:34:23] Epoch 56 | Train Loss: 33.6799 | Val Loss: 0.9635 | Macro-F1: 0.5589 | LR: 0.00000078
[2026-04-03 19:44:52] ------------------------------
[2026-04-03 19:44:52] Epoch 57 | Train Loss: 33.7131 | Val Loss: 0.9291 | Macro-F1: 0.5669 | LR: 0.00000078
[2026-04-03 19:55:21] ------------------------------
[2026-04-03 19:55:21] Epoch 58 | Train Loss: 33.6791 | Val Loss: 0.9514 | Macro-F1: 0.5631 | LR: 0.00000039
[2026-04-03 20:05:50] ------------------------------
[2026-04-03 20:05:50] Epoch 59 | Train Loss: 33.7180 | Val Loss: 0.9768 | Macro-F1: 0.5557 | LR: 0.00000039
[2026-04-03 20:05:50] 
==================================================
[2026-04-03 20:05:50]   CONVNEXT — Fold 3/5
[2026-04-03 20:05:50] ==================================================
[2026-04-03 20:16:21] ------------------------------
[2026-04-03 20:16:21] Epoch 0 | Train Loss: 135.5734 | Val Loss: 1.8085 | Macro-F1: 0.3084 | LR: 0.00005000
[2026-04-03 20:16:22] ✅ 发现更佳模型! 保存路径: best_convnext_fold2.pth, Macro-F1: 0.3084
[2026-04-03 20:26:50] ------------------------------
[2026-04-03 20:26:50] Epoch 1 | Train Loss: 61.4801 | Val Loss: 1.1274 | Macro-F1: 0.4227 | LR: 0.00005000
[2026-04-03 20:26:53] ✅ 发现更佳模型! 保存路径: best_convnext_fold2.pth, Macro-F1: 0.4227
[2026-04-03 20:37:22] ------------------------------
[2026-04-03 20:37:22] Epoch 2 | Train Loss: 51.9131 | Val Loss: 2.1231 | Macro-F1: 0.3456 | LR: 0.00005000
[2026-04-03 20:47:50] ------------------------------
[2026-04-03 20:47:50] Epoch 3 | Train Loss: 49.0367 | Val Loss: 1.5872 | Macro-F1: 0.3942 | LR: 0.00005000
[2026-04-03 20:58:19] ------------------------------
[2026-04-03 20:58:19] Epoch 4 | Train Loss: 45.9784 | Val Loss: 1.7434 | Macro-F1: 0.3624 | LR: 0.00005000
[2026-04-03 21:08:47] ------------------------------
[2026-04-03 21:08:47] Epoch 5 | Train Loss: 45.5510 | Val Loss: 2.0439 | Macro-F1: 0.3748 | LR: 0.00005000
[2026-04-03 21:19:16] ------------------------------
[2026-04-03 21:19:16] Epoch 6 | Train Loss: 42.1382 | Val Loss: 1.9793 | Macro-F1: 0.3752 | LR: 0.00005000
[2026-04-03 21:29:45] ------------------------------
[2026-04-03 21:29:45] Epoch 7 | Train Loss: 42.5853 | Val Loss: 1.3733 | Macro-F1: 0.4300 | LR: 0.00005000
[2026-04-03 21:29:51] ✅ 发现更佳模型! 保存路径: best_convnext_fold2.pth, Macro-F1: 0.4300
[2026-04-03 21:40:19] ------------------------------
[2026-04-03 21:40:19] Epoch 8 | Train Loss: 41.3010 | Val Loss: 1.3475 | Macro-F1: 0.4330 | LR: 0.00005000
[2026-04-03 21:40:23] ✅ 发现更佳模型! 保存路径: best_convnext_fold2.pth, Macro-F1: 0.4330
[2026-04-03 21:50:51] ------------------------------
[2026-04-03 21:50:51] Epoch 9 | Train Loss: 40.1867 | Val Loss: 2.2524 | Macro-F1: 0.3497 | LR: 0.00005000
[2026-04-03 22:01:21] ------------------------------
[2026-04-03 22:01:21] Epoch 10 | Train Loss: 41.4882 | Val Loss: 1.5036 | Macro-F1: 0.5022 | LR: 0.00005000
[2026-04-03 22:01:24] ✅ 发现更佳模型! 保存路径: best_convnext_fold2.pth, Macro-F1: 0.5022
[2026-04-03 22:11:53] ------------------------------
[2026-04-03 22:11:53] Epoch 11 | Train Loss: 39.9559 | Val Loss: 2.7420 | Macro-F1: 0.2831 | LR: 0.00005000
[2026-04-03 22:22:22] ------------------------------
[2026-04-03 22:22:22] Epoch 12 | Train Loss: 38.5476 | Val Loss: 1.2029 | Macro-F1: 0.4892 | LR: 0.00005000
[2026-04-03 22:32:51] ------------------------------
[2026-04-03 22:32:51] Epoch 13 | Train Loss: 38.6947 | Val Loss: 1.6474 | Macro-F1: 0.4187 | LR: 0.00005000
[2026-04-03 22:43:19] ------------------------------
[2026-04-03 22:43:19] Epoch 14 | Train Loss: 39.6708 | Val Loss: 1.9211 | Macro-F1: 0.3752 | LR: 0.00005000
[2026-04-03 22:53:48] ------------------------------
[2026-04-03 22:53:48] Epoch 15 | Train Loss: 38.1391 | Val Loss: 1.1249 | Macro-F1: 0.4956 | LR: 0.00005000
[2026-04-03 23:04:16] ------------------------------
[2026-04-03 23:04:16] Epoch 16 | Train Loss: 38.2910 | Val Loss: 0.7912 | Macro-F1: 0.5232 | LR: 0.00005000
[2026-04-03 23:04:24] ✅ 发现更佳模型! 保存路径: best_convnext_fold2.pth, Macro-F1: 0.5232
[2026-04-03 23:14:52] ------------------------------
[2026-04-03 23:14:52] Epoch 17 | Train Loss: 37.8411 | Val Loss: 1.4414 | Macro-F1: 0.4579 | LR: 0.00005000
[2026-04-03 23:25:20] ------------------------------
[2026-04-03 23:25:20] Epoch 18 | Train Loss: 37.5140 | Val Loss: 1.4715 | Macro-F1: 0.5023 | LR: 0.00005000
[2026-04-03 23:35:49] ------------------------------
[2026-04-03 23:35:49] Epoch 19 | Train Loss: 38.1783 | Val Loss: 1.3316 | Macro-F1: 0.5176 | LR: 0.00005000
[2026-04-03 23:46:18] ------------------------------
[2026-04-03 23:46:18] Epoch 20 | Train Loss: 37.1427 | Val Loss: 1.0736 | Macro-F1: 0.5385 | LR: 0.00005000
[2026-04-03 23:46:21] ✅ 发现更佳模型! 保存路径: best_convnext_fold2.pth, Macro-F1: 0.5385
[2026-04-03 23:56:50] ------------------------------
[2026-04-03 23:56:50] Epoch 21 | Train Loss: 37.2075 | Val Loss: 0.9114 | Macro-F1: 0.5479 | LR: 0.00005000
[2026-04-03 23:56:53] ✅ 发现更佳模型! 保存路径: best_convnext_fold2.pth, Macro-F1: 0.5479
[2026-04-04 00:07:22] ------------------------------
[2026-04-04 00:07:22] Epoch 22 | Train Loss: 37.3540 | Val Loss: 0.7948 | Macro-F1: 0.5922 | LR: 0.00005000
[2026-04-04 00:07:25] ✅ 发现更佳模型! 保存路径: best_convnext_fold2.pth, Macro-F1: 0.5922
[2026-04-04 00:17:54] ------------------------------
[2026-04-04 00:17:54] Epoch 23 | Train Loss: 36.7535 | Val Loss: 0.6414 | Macro-F1: 0.6378 | LR: 0.00005000
[2026-04-04 00:17:57] ✅ 发现更佳模型! 保存路径: best_convnext_fold2.pth, Macro-F1: 0.6378
[2026-04-04 00:28:26] ------------------------------
[2026-04-04 00:28:26] Epoch 24 | Train Loss: 35.8808 | Val Loss: 1.3951 | Macro-F1: 0.5410 | LR: 0.00005000
[2026-04-04 00:38:55] ------------------------------
[2026-04-04 00:38:55] Epoch 25 | Train Loss: 36.7140 | Val Loss: 1.9605 | Macro-F1: 0.4667 | LR: 0.00005000
[2026-04-04 00:49:24] ------------------------------
[2026-04-04 00:49:24] Epoch 26 | Train Loss: 36.6940 | Val Loss: 1.5270 | Macro-F1: 0.4972 | LR: 0.00005000
[2026-04-04 00:59:15] ------------------------------
[2026-04-04 00:59:15] Epoch 27 | Train Loss: 36.5042 | Val Loss: 1.4343 | Macro-F1: 0.4967 | LR: 0.00005000
[2026-04-04 01:09:44] ------------------------------
[2026-04-04 01:09:44] Epoch 28 | Train Loss: 36.5272 | Val Loss: 0.9868 | Macro-F1: 0.4885 | LR: 0.00005000
[2026-04-04 01:20:13] ------------------------------
[2026-04-04 01:20:13] Epoch 29 | Train Loss: 36.7148 | Val Loss: 0.4109 | Macro-F1: 0.6910 | LR: 0.00005000
[2026-04-04 01:20:16] ✅ 发现更佳模型! 保存路径: best_convnext_fold2.pth, Macro-F1: 0.6910
[2026-04-04 01:30:44] ------------------------------
[2026-04-04 01:30:44] Epoch 30 | Train Loss: 35.8526 | Val Loss: 0.5271 | Macro-F1: 0.6545 | LR: 0.00005000
[2026-04-04 01:41:13] ------------------------------
[2026-04-04 01:41:13] Epoch 31 | Train Loss: 36.7669 | Val Loss: 0.8146 | Macro-F1: 0.6419 | LR: 0.00005000
[2026-04-04 01:51:42] ------------------------------
[2026-04-04 01:51:42] Epoch 32 | Train Loss: 36.6012 | Val Loss: 1.5323 | Macro-F1: 0.4665 | LR: 0.00005000
[2026-04-04 02:02:10] ------------------------------
[2026-04-04 02:02:10] Epoch 33 | Train Loss: 35.9130 | Val Loss: 0.9039 | Macro-F1: 0.6140 | LR: 0.00005000
[2026-04-04 02:12:39] ------------------------------
[2026-04-04 02:12:39] Epoch 34 | Train Loss: 35.2076 | Val Loss: 1.1377 | Macro-F1: 0.4774 | LR: 0.00005000
[2026-04-04 02:23:08] ------------------------------
[2026-04-04 02:23:08] Epoch 35 | Train Loss: 35.1676 | Val Loss: 1.1720 | Macro-F1: 0.4926 | LR: 0.00005000
[2026-04-04 02:33:36] ------------------------------
[2026-04-04 02:33:36] Epoch 36 | Train Loss: 34.7455 | Val Loss: 0.7624 | Macro-F1: 0.5965 | LR: 0.00002500
[2026-04-04 02:44:04] ------------------------------
[2026-04-04 02:44:04] Epoch 37 | Train Loss: 34.5469 | Val Loss: 0.9993 | Macro-F1: 0.5525 | LR: 0.00002500
[2026-04-04 02:54:33] ------------------------------
[2026-04-04 02:54:33] Epoch 38 | Train Loss: 34.2687 | Val Loss: 0.7256 | Macro-F1: 0.5948 | LR: 0.00002500
[2026-04-04 03:05:01] ------------------------------
[2026-04-04 03:05:01] Epoch 39 | Train Loss: 34.6161 | Val Loss: 0.8070 | Macro-F1: 0.5690 | LR: 0.00002500
[2026-04-04 03:15:30] ------------------------------
[2026-04-04 03:15:30] Epoch 40 | Train Loss: 34.3174 | Val Loss: 0.5346 | Macro-F1: 0.6539 | LR: 0.00002500
[2026-04-04 03:25:58] ------------------------------
[2026-04-04 03:25:58] Epoch 41 | Train Loss: 34.3589 | Val Loss: 1.0824 | Macro-F1: 0.5433 | LR: 0.00002500
[2026-04-04 03:36:26] ------------------------------
[2026-04-04 03:36:26] Epoch 42 | Train Loss: 34.2504 | Val Loss: 0.9770 | Macro-F1: 0.5824 | LR: 0.00001250
[2026-04-04 03:46:55] ------------------------------
[2026-04-04 03:46:55] Epoch 43 | Train Loss: 33.9715 | Val Loss: 0.8376 | Macro-F1: 0.5996 | LR: 0.00001250
[2026-04-04 03:57:23] ------------------------------
[2026-04-04 03:57:23] Epoch 44 | Train Loss: 34.2339 | Val Loss: 1.0395 | Macro-F1: 0.5701 | LR: 0.00001250
[2026-04-04 04:07:51] ------------------------------
[2026-04-04 04:07:51] Epoch 45 | Train Loss: 33.9622 | Val Loss: 0.7351 | Macro-F1: 0.6471 | LR: 0.00001250
[2026-04-04 04:18:20] ------------------------------
[2026-04-04 04:18:20] Epoch 46 | Train Loss: 33.9064 | Val Loss: 0.4546 | Macro-F1: 0.6741 | LR: 0.00001250
[2026-04-04 04:28:48] ------------------------------
[2026-04-04 04:28:48] Epoch 47 | Train Loss: 33.8811 | Val Loss: 1.3177 | Macro-F1: 0.5217 | LR: 0.00001250
[2026-04-04 04:39:17] ------------------------------
[2026-04-04 04:39:17] Epoch 48 | Train Loss: 33.9553 | Val Loss: 0.5172 | Macro-F1: 0.6906 | LR: 0.00000625
[2026-04-04 04:49:46] ------------------------------
[2026-04-04 04:49:46] Epoch 49 | Train Loss: 33.8112 | Val Loss: 0.8586 | Macro-F1: 0.6034 | LR: 0.00000625
[2026-04-04 05:00:15] ------------------------------
[2026-04-04 05:00:15] Epoch 50 | Train Loss: 33.8148 | Val Loss: 0.7545 | Macro-F1: 0.6247 | LR: 0.00000625
[2026-04-04 05:10:43] ------------------------------
[2026-04-04 05:10:43] Epoch 51 | Train Loss: 33.7816 | Val Loss: 0.7660 | Macro-F1: 0.6058 | LR: 0.00000625
[2026-04-04 05:21:11] ------------------------------
[2026-04-04 05:21:11] Epoch 52 | Train Loss: 33.8052 | Val Loss: 0.8744 | Macro-F1: 0.5824 | LR: 0.00000625
[2026-04-04 05:31:40] ------------------------------
[2026-04-04 05:31:40] Epoch 53 | Train Loss: 33.8242 | Val Loss: 0.7613 | Macro-F1: 0.6267 | LR: 0.00000625
[2026-04-04 05:42:08] ------------------------------
[2026-04-04 05:42:08] Epoch 54 | Train Loss: 33.7889 | Val Loss: 0.7442 | Macro-F1: 0.6296 | LR: 0.00000313
[2026-04-04 05:52:37] ------------------------------
[2026-04-04 05:52:37] Epoch 55 | Train Loss: 33.7822 | Val Loss: 0.7832 | Macro-F1: 0.6144 | LR: 0.00000313
[2026-04-04 06:03:05] ------------------------------
[2026-04-04 06:03:05] Epoch 56 | Train Loss: 33.6779 | Val Loss: 0.8634 | Macro-F1: 0.5979 | LR: 0.00000313
[2026-04-04 06:13:34] ------------------------------
[2026-04-04 06:13:34] Epoch 57 | Train Loss: 33.6970 | Val Loss: 0.9424 | Macro-F1: 0.5884 | LR: 0.00000313
[2026-04-04 06:24:02] ------------------------------
[2026-04-04 06:24:02] Epoch 58 | Train Loss: 33.7459 | Val Loss: 0.7290 | Macro-F1: 0.6424 | LR: 0.00000313
[2026-04-04 06:34:31] ------------------------------
[2026-04-04 06:34:31] Epoch 59 | Train Loss: 33.7219 | Val Loss: 0.8183 | Macro-F1: 0.6242 | LR: 0.00000313
[2026-04-04 06:34:31] 
==================================================
[2026-04-04 06:34:31]   CONVNEXT — Fold 4/5
[2026-04-04 06:34:31] ==================================================
