[2026-04-02 22:49:26] 
==================================================
[2026-04-02 22:49:26]   EFFICIENTNET — Fold 1/5
[2026-04-02 22:49:26] ==================================================
[2026-04-02 22:52:14] ------------------------------
[2026-04-02 22:52:14] Epoch 0 | Train Loss: 299.0724 | Val Loss: 1.7800 | Macro-F1: 0.2719 | LR: 0.00010000
[2026-04-02 22:52:14] ✅ 发现更佳模型! 保存路径: best_efficientnet_fold0.pth, Macro-F1: 0.2719
[2026-04-02 22:55:03] ------------------------------
[2026-04-02 22:55:03] Epoch 1 | Train Loss: 109.3103 | Val Loss: 1.4305 | Macro-F1: 0.3608 | LR: 0.00010000
[2026-04-02 22:55:03] ✅ 发现更佳模型! 保存路径: best_efficientnet_fold0.pth, Macro-F1: 0.3608
[2026-04-02 22:57:52] ------------------------------
[2026-04-02 22:57:52] Epoch 2 | Train Loss: 85.0687 | Val Loss: 1.0900 | Macro-F1: 0.4192 | LR: 0.00010000
[2026-04-02 22:57:52] ✅ 发现更佳模型! 保存路径: best_efficientnet_fold0.pth, Macro-F1: 0.4192
[2026-04-02 23:00:41] ------------------------------
[2026-04-02 23:00:41] Epoch 3 | Train Loss: 73.7422 | Val Loss: 1.0516 | Macro-F1: 0.4390 | LR: 0.00010000
[2026-04-02 23:00:42] ✅ 发现更佳模型! 保存路径: best_efficientnet_fold0.pth, Macro-F1: 0.4390
[2026-04-02 23:03:31] ------------------------------
[2026-04-02 23:03:31] Epoch 4 | Train Loss: 67.0185 | Val Loss: 1.2199 | Macro-F1: 0.4616 | LR: 0.00010000
[2026-04-02 23:03:32] ✅ 发现更佳模型! 保存路径: best_efficientnet_fold0.pth, Macro-F1: 0.4616
[2026-04-02 23:06:21] ------------------------------
[2026-04-02 23:06:21] Epoch 5 | Train Loss: 62.0060 | Val Loss: 0.9814 | Macro-F1: 0.4756 | LR: 0.00010000
[2026-04-02 23:06:22] ✅ 发现更佳模型! 保存路径: best_efficientnet_fold0.pth, Macro-F1: 0.4756
[2026-04-02 23:09:12] ------------------------------
[2026-04-02 23:09:12] Epoch 6 | Train Loss: 60.1907 | Val Loss: 0.9290 | Macro-F1: 0.5193 | LR: 0.00010000
[2026-04-02 23:09:13] ✅ 发现更佳模型! 保存路径: best_efficientnet_fold0.pth, Macro-F1: 0.5193
[2026-04-02 23:12:03] ------------------------------
[2026-04-02 23:12:03] Epoch 7 | Train Loss: 56.4350 | Val Loss: 1.0800 | Macro-F1: 0.5238 | LR: 0.00010000
[2026-04-02 23:12:03] ✅ 发现更佳模型! 保存路径: best_efficientnet_fold0.pth, Macro-F1: 0.5238
[2026-04-02 23:14:53] ------------------------------
[2026-04-02 23:14:53] Epoch 8 | Train Loss: 55.5617 | Val Loss: 1.2406 | Macro-F1: 0.5113 | LR: 0.00010000
[2026-04-02 23:17:43] ------------------------------
[2026-04-02 23:17:43] Epoch 9 | Train Loss: 53.0277 | Val Loss: 0.6300 | Macro-F1: 0.5648 | LR: 0.00010000
[2026-04-02 23:17:44] ✅ 发现更佳模型! 保存路径: best_efficientnet_fold0.pth, Macro-F1: 0.5648
[2026-04-02 23:20:34] ------------------------------
[2026-04-02 23:20:34] Epoch 10 | Train Loss: 52.5099 | Val Loss: 0.7549 | Macro-F1: 0.5904 | LR: 0.00010000
[2026-04-02 23:20:34] ✅ 发现更佳模型! 保存路径: best_efficientnet_fold0.pth, Macro-F1: 0.5904
[2026-04-02 23:23:25] ------------------------------
[2026-04-02 23:23:25] Epoch 11 | Train Loss: 51.3410 | Val Loss: 0.8161 | Macro-F1: 0.5774 | LR: 0.00010000
[2026-04-02 23:26:15] ------------------------------
[2026-04-02 23:26:15] Epoch 12 | Train Loss: 49.2553 | Val Loss: 0.8537 | Macro-F1: 0.5495 | LR: 0.00010000
[2026-04-02 23:29:05] ------------------------------
[2026-04-02 23:29:05] Epoch 13 | Train Loss: 48.0486 | Val Loss: 1.1614 | Macro-F1: 0.4708 | LR: 0.00010000
[2026-04-02 23:31:56] ------------------------------
[2026-04-02 23:31:56] Epoch 14 | Train Loss: 47.9735 | Val Loss: 0.9205 | Macro-F1: 0.5721 | LR: 0.00010000
[2026-04-02 23:34:46] ------------------------------
[2026-04-02 23:34:46] Epoch 15 | Train Loss: 46.7137 | Val Loss: 0.8237 | Macro-F1: 0.5605 | LR: 0.00010000
[2026-04-02 23:37:37] ------------------------------
[2026-04-02 23:37:37] Epoch 16 | Train Loss: 46.2322 | Val Loss: 0.9177 | Macro-F1: 0.5567 | LR: 0.00010000
[2026-04-02 23:40:27] ------------------------------
[2026-04-02 23:40:27] Epoch 17 | Train Loss: 44.4567 | Val Loss: 0.6027 | Macro-F1: 0.6145 | LR: 0.00005000
[2026-04-02 23:40:28] ✅ 发现更佳模型! 保存路径: best_efficientnet_fold0.pth, Macro-F1: 0.6145
[2026-04-02 23:43:18] ------------------------------
[2026-04-02 23:43:18] Epoch 18 | Train Loss: 43.1073 | Val Loss: 0.8235 | Macro-F1: 0.5810 | LR: 0.00005000
[2026-04-02 23:46:08] ------------------------------
[2026-04-02 23:46:08] Epoch 19 | Train Loss: 42.7806 | Val Loss: 0.6261 | Macro-F1: 0.6305 | LR: 0.00005000
[2026-04-02 23:46:09] ✅ 发现更佳模型! 保存路径: best_efficientnet_fold0.pth, Macro-F1: 0.6305
[2026-04-02 23:48:59] ------------------------------
[2026-04-02 23:48:59] Epoch 20 | Train Loss: 42.6783 | Val Loss: 0.7000 | Macro-F1: 0.5907 | LR: 0.00005000
[2026-04-02 23:51:49] ------------------------------
[2026-04-02 23:51:49] Epoch 21 | Train Loss: 42.3095 | Val Loss: 0.5571 | Macro-F1: 0.6186 | LR: 0.00005000
[2026-04-02 23:54:40] ------------------------------
[2026-04-02 23:54:40] Epoch 22 | Train Loss: 41.2733 | Val Loss: 0.6272 | Macro-F1: 0.6084 | LR: 0.00005000
[2026-04-02 23:57:30] ------------------------------
[2026-04-02 23:57:30] Epoch 23 | Train Loss: 41.1168 | Val Loss: 0.6282 | Macro-F1: 0.6097 | LR: 0.00005000
[2026-04-03 00:00:20] ------------------------------
[2026-04-03 00:00:20] Epoch 24 | Train Loss: 42.4542 | Val Loss: 0.6235 | Macro-F1: 0.6255 | LR: 0.00005000
[2026-04-03 00:03:11] ------------------------------
[2026-04-03 00:03:11] Epoch 25 | Train Loss: 41.3738 | Val Loss: 0.5501 | Macro-F1: 0.6480 | LR: 0.00005000
[2026-04-03 00:03:11] ✅ 发现更佳模型! 保存路径: best_efficientnet_fold0.pth, Macro-F1: 0.6480
[2026-04-03 00:06:01] ------------------------------
[2026-04-03 00:06:01] Epoch 26 | Train Loss: 40.2487 | Val Loss: 0.5980 | Macro-F1: 0.6283 | LR: 0.00005000
[2026-04-03 00:08:52] ------------------------------
[2026-04-03 00:08:52] Epoch 27 | Train Loss: 40.6627 | Val Loss: 0.6092 | Macro-F1: 0.6671 | LR: 0.00005000
[2026-04-03 00:08:52] ✅ 发现更佳模型! 保存路径: best_efficientnet_fold0.pth, Macro-F1: 0.6671
[2026-04-03 00:11:42] ------------------------------
[2026-04-03 00:11:42] Epoch 28 | Train Loss: 40.1958 | Val Loss: 0.9597 | Macro-F1: 0.5608 | LR: 0.00005000
[2026-04-03 00:14:33] ------------------------------
[2026-04-03 00:14:33] Epoch 29 | Train Loss: 39.9485 | Val Loss: 0.5280 | Macro-F1: 0.6494 | LR: 0.00005000
[2026-04-03 00:17:24] ------------------------------
[2026-04-03 00:17:24] Epoch 30 | Train Loss: 40.0048 | Val Loss: 0.5900 | Macro-F1: 0.6526 | LR: 0.00005000
[2026-04-03 00:20:14] ------------------------------
[2026-04-03 00:20:14] Epoch 31 | Train Loss: 39.2069 | Val Loss: 0.7372 | Macro-F1: 0.6308 | LR: 0.00005000
[2026-04-03 00:23:04] ------------------------------
[2026-04-03 00:23:04] Epoch 32 | Train Loss: 39.6086 | Val Loss: 0.6794 | Macro-F1: 0.6274 | LR: 0.00005000
[2026-04-03 00:25:55] ------------------------------
[2026-04-03 00:25:55] Epoch 33 | Train Loss: 39.5213 | Val Loss: 0.6371 | Macro-F1: 0.6031 | LR: 0.00005000
[2026-04-03 00:28:45] ------------------------------
[2026-04-03 00:28:45] Epoch 34 | Train Loss: 39.2664 | Val Loss: 0.6507 | Macro-F1: 0.6314 | LR: 0.00002500
[2026-04-03 00:31:36] ------------------------------
[2026-04-03 00:31:36] Epoch 35 | Train Loss: 38.0124 | Val Loss: 0.7070 | Macro-F1: 0.6244 | LR: 0.00002500
[2026-04-03 00:34:27] ------------------------------
[2026-04-03 00:34:27] Epoch 36 | Train Loss: 38.1950 | Val Loss: 0.5547 | Macro-F1: 0.6372 | LR: 0.00002500
[2026-04-03 00:37:17] ------------------------------
[2026-04-03 00:37:17] Epoch 37 | Train Loss: 38.1145 | Val Loss: 0.6665 | Macro-F1: 0.6188 | LR: 0.00002500
[2026-04-03 00:40:08] ------------------------------
[2026-04-03 00:40:08] Epoch 38 | Train Loss: 37.9645 | Val Loss: 0.6851 | Macro-F1: 0.6356 | LR: 0.00002500
[2026-04-03 00:42:58] ------------------------------
[2026-04-03 00:42:58] Epoch 39 | Train Loss: 38.1653 | Val Loss: 0.6314 | Macro-F1: 0.6420 | LR: 0.00002500
[2026-04-03 00:45:49] ------------------------------
[2026-04-03 00:45:49] Epoch 40 | Train Loss: 37.4868 | Val Loss: 0.5995 | Macro-F1: 0.6434 | LR: 0.00001250
[2026-04-03 00:48:39] ------------------------------
[2026-04-03 00:48:39] Epoch 41 | Train Loss: 37.4538 | Val Loss: 0.6397 | Macro-F1: 0.6241 | LR: 0.00001250
[2026-04-03 00:51:30] ------------------------------
[2026-04-03 00:51:30] Epoch 42 | Train Loss: 37.1337 | Val Loss: 0.5645 | Macro-F1: 0.6361 | LR: 0.00001250
[2026-04-03 00:54:20] ------------------------------
[2026-04-03 00:54:20] Epoch 43 | Train Loss: 37.2982 | Val Loss: 0.5756 | Macro-F1: 0.6394 | LR: 0.00001250
[2026-04-03 00:57:11] ------------------------------
[2026-04-03 00:57:11] Epoch 44 | Train Loss: 37.0007 | Val Loss: 0.5767 | Macro-F1: 0.6475 | LR: 0.00001250
[2026-04-03 01:00:01] ------------------------------
[2026-04-03 01:00:01] Epoch 45 | Train Loss: 36.9684 | Val Loss: 0.4297 | Macro-F1: 0.6854 | LR: 0.00001250
[2026-04-03 01:00:02] ✅ 发现更佳模型! 保存路径: best_efficientnet_fold0.pth, Macro-F1: 0.6854
[2026-04-03 01:02:52] ------------------------------
[2026-04-03 01:02:52] Epoch 46 | Train Loss: 36.7800 | Val Loss: 0.5085 | Macro-F1: 0.6871 | LR: 0.00001250
[2026-04-03 01:02:52] ✅ 发现更佳模型! 保存路径: best_efficientnet_fold0.pth, Macro-F1: 0.6871
[2026-04-03 01:05:43] ------------------------------
[2026-04-03 01:05:43] Epoch 47 | Train Loss: 36.9361 | Val Loss: 0.6398 | Macro-F1: 0.6298 | LR: 0.00001250
[2026-04-03 01:08:33] ------------------------------
[2026-04-03 01:08:33] Epoch 48 | Train Loss: 37.0388 | Val Loss: 0.5340 | Macro-F1: 0.6851 | LR: 0.00001250
[2026-04-03 01:11:24] ------------------------------
[2026-04-03 01:11:24] Epoch 49 | Train Loss: 36.6457 | Val Loss: 0.6280 | Macro-F1: 0.6458 | LR: 0.00001250
[2026-04-03 01:14:14] ------------------------------
[2026-04-03 01:14:14] Epoch 50 | Train Loss: 36.9647 | Val Loss: 0.5171 | Macro-F1: 0.6679 | LR: 0.00001250
[2026-04-03 01:17:05] ------------------------------
[2026-04-03 01:17:05] Epoch 51 | Train Loss: 36.8710 | Val Loss: 0.5370 | Macro-F1: 0.6521 | LR: 0.00001250
[2026-04-03 01:19:55] ------------------------------
[2026-04-03 01:19:55] Epoch 52 | Train Loss: 36.9822 | Val Loss: 0.5207 | Macro-F1: 0.6499 | LR: 0.00001250
[2026-04-03 01:22:46] ------------------------------
[2026-04-03 01:22:46] Epoch 53 | Train Loss: 37.0215 | Val Loss: 0.5959 | Macro-F1: 0.6503 | LR: 0.00000625
[2026-04-03 01:25:36] ------------------------------
[2026-04-03 01:25:36] Epoch 54 | Train Loss: 36.7437 | Val Loss: 0.5138 | Macro-F1: 0.6660 | LR: 0.00000625
[2026-04-03 01:28:27] ------------------------------
[2026-04-03 01:28:27] Epoch 55 | Train Loss: 36.4731 | Val Loss: 0.5400 | Macro-F1: 0.6659 | LR: 0.00000625
[2026-04-03 01:31:17] ------------------------------
[2026-04-03 01:31:17] Epoch 56 | Train Loss: 36.7625 | Val Loss: 0.4611 | Macro-F1: 0.6751 | LR: 0.00000625
[2026-04-03 01:34:08] ------------------------------
[2026-04-03 01:34:08] Epoch 57 | Train Loss: 36.3513 | Val Loss: 0.5001 | Macro-F1: 0.6564 | LR: 0.00000625
[2026-04-03 01:36:58] ------------------------------
[2026-04-03 01:36:58] Epoch 58 | Train Loss: 36.5766 | Val Loss: 0.4886 | Macro-F1: 0.6769 | LR: 0.00000625
[2026-04-03 01:39:49] ------------------------------
[2026-04-03 01:39:49] Epoch 59 | Train Loss: 36.6426 | Val Loss: 0.5131 | Macro-F1: 0.6696 | LR: 0.00000313
[2026-04-03 01:39:49] 
==================================================
[2026-04-03 01:39:49]   EFFICIENTNET — Fold 2/5
[2026-04-03 01:39:49] ==================================================
[2026-04-03 01:42:40] ------------------------------
[2026-04-03 01:42:40] Epoch 0 | Train Loss: 307.9682 | Val Loss: 2.0818 | Macro-F1: 0.1906 | LR: 0.00010000
[2026-04-03 01:42:40] ✅ 发现更佳模型! 保存路径: best_efficientnet_fold1.pth, Macro-F1: 0.1906
[2026-04-03 01:45:30] ------------------------------
[2026-04-03 01:45:30] Epoch 1 | Train Loss: 110.5628 | Val Loss: 1.4301 | Macro-F1: 0.3705 | LR: 0.00010000
[2026-04-03 01:45:31] ✅ 发现更佳模型! 保存路径: best_efficientnet_fold1.pth, Macro-F1: 0.3705
[2026-04-03 01:48:21] ------------------------------
[2026-04-03 01:48:21] Epoch 2 | Train Loss: 85.8613 | Val Loss: 1.3750 | Macro-F1: 0.3450 | LR: 0.00010000
[2026-04-03 01:51:12] ------------------------------
[2026-04-03 01:51:12] Epoch 3 | Train Loss: 73.3962 | Val Loss: 1.3303 | Macro-F1: 0.3882 | LR: 0.00010000
[2026-04-03 01:51:12] ✅ 发现更佳模型! 保存路径: best_efficientnet_fold1.pth, Macro-F1: 0.3882
[2026-04-03 01:54:02] ------------------------------
[2026-04-03 01:54:02] Epoch 4 | Train Loss: 67.8659 | Val Loss: 0.9317 | Macro-F1: 0.4827 | LR: 0.00010000
[2026-04-03 01:54:03] ✅ 发现更佳模型! 保存路径: best_efficientnet_fold1.pth, Macro-F1: 0.4827
[2026-04-03 01:56:53] ------------------------------
[2026-04-03 01:56:53] Epoch 5 | Train Loss: 62.5528 | Val Loss: 0.8353 | Macro-F1: 0.4791 | LR: 0.00010000
[2026-04-03 01:59:44] ------------------------------
[2026-04-03 01:59:44] Epoch 6 | Train Loss: 59.5704 | Val Loss: 0.8688 | Macro-F1: 0.4924 | LR: 0.00010000
[2026-04-03 01:59:44] ✅ 发现更佳模型! 保存路径: best_efficientnet_fold1.pth, Macro-F1: 0.4924
[2026-04-03 02:02:34] ------------------------------
[2026-04-03 02:02:34] Epoch 7 | Train Loss: 57.9181 | Val Loss: 1.1473 | Macro-F1: 0.4731 | LR: 0.00010000
[2026-04-03 02:05:25] ------------------------------
[2026-04-03 02:05:25] Epoch 8 | Train Loss: 55.1968 | Val Loss: 0.9487 | Macro-F1: 0.4846 | LR: 0.00010000
[2026-04-03 02:08:15] ------------------------------
[2026-04-03 02:08:15] Epoch 9 | Train Loss: 53.5525 | Val Loss: 0.7855 | Macro-F1: 0.5127 | LR: 0.00010000
[2026-04-03 02:08:16] ✅ 发现更佳模型! 保存路径: best_efficientnet_fold1.pth, Macro-F1: 0.5127
[2026-04-03 02:11:06] ------------------------------
[2026-04-03 02:11:06] Epoch 10 | Train Loss: 51.7692 | Val Loss: 0.9169 | Macro-F1: 0.5029 | LR: 0.00010000
[2026-04-03 02:13:56] ------------------------------
[2026-04-03 02:13:56] Epoch 11 | Train Loss: 49.9677 | Val Loss: 0.8076 | Macro-F1: 0.5555 | LR: 0.00010000
[2026-04-03 02:13:57] ✅ 发现更佳模型! 保存路径: best_efficientnet_fold1.pth, Macro-F1: 0.5555
[2026-04-03 02:16:47] ------------------------------
[2026-04-03 02:16:47] Epoch 12 | Train Loss: 49.7138 | Val Loss: 0.8534 | Macro-F1: 0.5288 | LR: 0.00010000
[2026-04-03 02:19:37] ------------------------------
[2026-04-03 02:19:37] Epoch 13 | Train Loss: 48.6094 | Val Loss: 0.6330 | Macro-F1: 0.5691 | LR: 0.00010000
[2026-04-03 02:19:38] ✅ 发现更佳模型! 保存路径: best_efficientnet_fold1.pth, Macro-F1: 0.5691
[2026-04-03 02:22:28] ------------------------------
[2026-04-03 02:22:28] Epoch 14 | Train Loss: 48.3250 | Val Loss: 0.6296 | Macro-F1: 0.5668 | LR: 0.00010000
[2026-04-03 02:25:19] ------------------------------
[2026-04-03 02:25:19] Epoch 15 | Train Loss: 46.2160 | Val Loss: 0.9038 | Macro-F1: 0.5115 | LR: 0.00010000
[2026-04-03 02:28:10] ------------------------------
[2026-04-03 02:28:10] Epoch 16 | Train Loss: 46.8932 | Val Loss: 0.9026 | Macro-F1: 0.5097 | LR: 0.00010000
[2026-04-03 02:31:00] ------------------------------
[2026-04-03 02:31:00] Epoch 17 | Train Loss: 44.6072 | Val Loss: 0.8907 | Macro-F1: 0.5218 | LR: 0.00010000
[2026-04-03 02:33:51] ------------------------------
[2026-04-03 02:33:51] Epoch 18 | Train Loss: 45.2793 | Val Loss: 0.5675 | Macro-F1: 0.5839 | LR: 0.00010000
[2026-04-03 02:33:51] ✅ 发现更佳模型! 保存路径: best_efficientnet_fold1.pth, Macro-F1: 0.5839
[2026-04-03 02:36:41] ------------------------------
[2026-04-03 02:36:41] Epoch 19 | Train Loss: 43.8906 | Val Loss: 0.7724 | Macro-F1: 0.5506 | LR: 0.00010000
[2026-04-03 02:39:32] ------------------------------
[2026-04-03 02:39:32] Epoch 20 | Train Loss: 43.9222 | Val Loss: 0.9206 | Macro-F1: 0.5319 | LR: 0.00010000
[2026-04-03 02:42:22] ------------------------------
[2026-04-03 02:42:22] Epoch 21 | Train Loss: 43.2505 | Val Loss: 1.4244 | Macro-F1: 0.4675 | LR: 0.00010000
[2026-04-03 02:45:13] ------------------------------
[2026-04-03 02:45:13] Epoch 22 | Train Loss: 43.2625 | Val Loss: 0.6685 | Macro-F1: 0.5733 | LR: 0.00010000
[2026-04-03 02:48:03] ------------------------------
[2026-04-03 02:48:03] Epoch 23 | Train Loss: 43.0803 | Val Loss: 0.8482 | Macro-F1: 0.5240 | LR: 0.00010000
[2026-04-03 02:50:54] ------------------------------
[2026-04-03 02:50:54] Epoch 24 | Train Loss: 42.7374 | Val Loss: 0.7241 | Macro-F1: 0.5674 | LR: 0.00010000
[2026-04-03 02:53:45] ------------------------------
[2026-04-03 02:53:45] Epoch 25 | Train Loss: 40.7482 | Val Loss: 0.5414 | Macro-F1: 0.5880 | LR: 0.00005000
[2026-04-03 02:53:45] ✅ 发现更佳模型! 保存路径: best_efficientnet_fold1.pth, Macro-F1: 0.5880
[2026-04-03 02:56:35] ------------------------------
[2026-04-03 02:56:35] Epoch 26 | Train Loss: 39.7397 | Val Loss: 0.5832 | Macro-F1: 0.5908 | LR: 0.00005000
[2026-04-03 02:56:36] ✅ 发现更佳模型! 保存路径: best_efficientnet_fold1.pth, Macro-F1: 0.5908
[2026-04-03 02:59:26] ------------------------------
[2026-04-03 02:59:26] Epoch 27 | Train Loss: 39.9281 | Val Loss: 0.7629 | Macro-F1: 0.5681 | LR: 0.00005000
[2026-04-03 03:02:16] ------------------------------
[2026-04-03 03:02:16] Epoch 28 | Train Loss: 39.8232 | Val Loss: 0.5398 | Macro-F1: 0.6048 | LR: 0.00005000
[2026-04-03 03:02:17] ✅ 发现更佳模型! 保存路径: best_efficientnet_fold1.pth, Macro-F1: 0.6048
[2026-04-03 03:05:07] ------------------------------
[2026-04-03 03:05:07] Epoch 29 | Train Loss: 39.5107 | Val Loss: 0.5469 | Macro-F1: 0.5910 | LR: 0.00005000
[2026-04-03 03:07:58] ------------------------------
[2026-04-03 03:07:58] Epoch 30 | Train Loss: 39.0678 | Val Loss: 0.6548 | Macro-F1: 0.5854 | LR: 0.00005000
[2026-04-03 03:10:48] ------------------------------
[2026-04-03 03:10:48] Epoch 31 | Train Loss: 38.8473 | Val Loss: 0.6260 | Macro-F1: 0.5906 | LR: 0.00005000
[2026-04-03 03:13:39] ------------------------------
[2026-04-03 03:13:39] Epoch 32 | Train Loss: 39.1572 | Val Loss: 0.6375 | Macro-F1: 0.5942 | LR: 0.00005000
[2026-04-03 03:16:29] ------------------------------
[2026-04-03 03:16:29] Epoch 33 | Train Loss: 38.9196 | Val Loss: 0.6757 | Macro-F1: 0.5741 | LR: 0.00005000
[2026-04-03 03:19:19] ------------------------------
[2026-04-03 03:19:19] Epoch 34 | Train Loss: 38.5813 | Val Loss: 0.7459 | Macro-F1: 0.5715 | LR: 0.00005000
[2026-04-03 03:22:10] ------------------------------
[2026-04-03 03:22:10] Epoch 35 | Train Loss: 37.7423 | Val Loss: 0.6883 | Macro-F1: 0.5778 | LR: 0.00002500
[2026-04-03 03:25:01] ------------------------------
[2026-04-03 03:25:01] Epoch 36 | Train Loss: 37.5584 | Val Loss: 0.5962 | Macro-F1: 0.5837 | LR: 0.00002500
[2026-04-03 03:27:51] ------------------------------
[2026-04-03 03:27:51] Epoch 37 | Train Loss: 37.6652 | Val Loss: 0.5270 | Macro-F1: 0.6067 | LR: 0.00002500
[2026-04-03 03:27:52] ✅ 发现更佳模型! 保存路径: best_efficientnet_fold1.pth, Macro-F1: 0.6067
[2026-04-03 03:30:42] ------------------------------
[2026-04-03 03:30:42] Epoch 38 | Train Loss: 37.5131 | Val Loss: 0.5955 | Macro-F1: 0.6036 | LR: 0.00002500
[2026-04-03 03:33:33] ------------------------------
[2026-04-03 03:33:33] Epoch 39 | Train Loss: 37.2111 | Val Loss: 0.5312 | Macro-F1: 0.6214 | LR: 0.00002500
[2026-04-03 03:33:33] ✅ 发现更佳模型! 保存路径: best_efficientnet_fold1.pth, Macro-F1: 0.6214
[2026-04-03 03:36:24] ------------------------------
[2026-04-03 03:36:24] Epoch 40 | Train Loss: 36.9443 | Val Loss: 0.5175 | Macro-F1: 0.6092 | LR: 0.00002500
[2026-04-03 03:39:14] ------------------------------
[2026-04-03 03:39:14] Epoch 41 | Train Loss: 37.2447 | Val Loss: 0.6052 | Macro-F1: 0.5992 | LR: 0.00002500
[2026-04-03 03:42:05] ------------------------------
[2026-04-03 03:42:05] Epoch 42 | Train Loss: 37.1435 | Val Loss: 0.5085 | Macro-F1: 0.6148 | LR: 0.00002500
[2026-04-03 03:44:55] ------------------------------
[2026-04-03 03:44:55] Epoch 43 | Train Loss: 37.0324 | Val Loss: 0.5619 | Macro-F1: 0.5945 | LR: 0.00002500
[2026-04-03 03:47:46] ------------------------------
[2026-04-03 03:47:46] Epoch 44 | Train Loss: 36.8548 | Val Loss: 0.5617 | Macro-F1: 0.5941 | LR: 0.00002500
[2026-04-03 03:50:36] ------------------------------
[2026-04-03 03:50:36] Epoch 45 | Train Loss: 36.9207 | Val Loss: 0.6224 | Macro-F1: 0.5978 | LR: 0.00002500
[2026-04-03 03:53:27] ------------------------------
[2026-04-03 03:53:27] Epoch 46 | Train Loss: 36.7564 | Val Loss: 0.4610 | Macro-F1: 0.6394 | LR: 0.00001250
[2026-04-03 03:53:28] ✅ 发现更佳模型! 保存路径: best_efficientnet_fold1.pth, Macro-F1: 0.6394
[2026-04-03 03:56:18] ------------------------------
[2026-04-03 03:56:18] Epoch 47 | Train Loss: 36.7422 | Val Loss: 0.4994 | Macro-F1: 0.6138 | LR: 0.00001250
[2026-04-03 03:59:08] ------------------------------
[2026-04-03 03:59:08] Epoch 48 | Train Loss: 36.5038 | Val Loss: 0.5032 | Macro-F1: 0.6059 | LR: 0.00001250
[2026-04-03 04:02:00] ------------------------------
[2026-04-03 04:02:00] Epoch 49 | Train Loss: 36.3985 | Val Loss: 0.4886 | Macro-F1: 0.6343 | LR: 0.00001250
[2026-04-03 04:04:50] ------------------------------
[2026-04-03 04:04:50] Epoch 50 | Train Loss: 36.2659 | Val Loss: 0.4336 | Macro-F1: 0.6414 | LR: 0.00001250
[2026-04-03 04:04:51] ✅ 发现更佳模型! 保存路径: best_efficientnet_fold1.pth, Macro-F1: 0.6414
[2026-04-03 04:07:41] ------------------------------
[2026-04-03 04:07:41] Epoch 51 | Train Loss: 36.2144 | Val Loss: 0.4772 | Macro-F1: 0.6266 | LR: 0.00001250
[2026-04-03 04:10:32] ------------------------------
[2026-04-03 04:10:32] Epoch 52 | Train Loss: 36.0458 | Val Loss: 0.5569 | Macro-F1: 0.6117 | LR: 0.00001250
[2026-04-03 04:13:22] ------------------------------
[2026-04-03 04:13:22] Epoch 53 | Train Loss: 36.4229 | Val Loss: 0.5040 | Macro-F1: 0.6064 | LR: 0.00001250
[2026-04-03 04:16:13] ------------------------------
[2026-04-03 04:16:13] Epoch 54 | Train Loss: 36.6804 | Val Loss: 0.5365 | Macro-F1: 0.6058 | LR: 0.00001250
[2026-04-03 04:19:04] ------------------------------
[2026-04-03 04:19:04] Epoch 55 | Train Loss: 36.1065 | Val Loss: 0.4931 | Macro-F1: 0.6285 | LR: 0.00001250
[2026-04-03 04:21:54] ------------------------------
[2026-04-03 04:21:54] Epoch 56 | Train Loss: 36.1481 | Val Loss: 0.4905 | Macro-F1: 0.6186 | LR: 0.00001250
[2026-04-03 04:24:45] ------------------------------
[2026-04-03 04:24:45] Epoch 57 | Train Loss: 36.1848 | Val Loss: 0.4881 | Macro-F1: 0.6152 | LR: 0.00000625
[2026-04-03 04:27:36] ------------------------------
[2026-04-03 04:27:36] Epoch 58 | Train Loss: 36.1103 | Val Loss: 0.4316 | Macro-F1: 0.6243 | LR: 0.00000625
[2026-04-03 04:30:26] ------------------------------
[2026-04-03 04:30:26] Epoch 59 | Train Loss: 36.0971 | Val Loss: 0.4292 | Macro-F1: 0.6283 | LR: 0.00000625
[2026-04-03 04:30:27] 
==================================================
[2026-04-03 04:30:27]   EFFICIENTNET — Fold 3/5
[2026-04-03 04:30:27] ==================================================
[2026-04-03 04:33:17] ------------------------------
[2026-04-03 04:33:17] Epoch 0 | Train Loss: 306.1762 | Val Loss: 1.7176 | Macro-F1: 0.2292 | LR: 0.00010000
[2026-04-03 04:33:18] ✅ 发现更佳模型! 保存路径: best_efficientnet_fold2.pth, Macro-F1: 0.2292
[2026-04-03 04:36:08] ------------------------------
[2026-04-03 04:36:08] Epoch 1 | Train Loss: 110.6582 | Val Loss: 1.4303 | Macro-F1: 0.3209 | LR: 0.00010000
[2026-04-03 04:36:08] ✅ 发现更佳模型! 保存路径: best_efficientnet_fold2.pth, Macro-F1: 0.3209
[2026-04-03 04:38:59] ------------------------------
[2026-04-03 04:38:59] Epoch 2 | Train Loss: 84.5767 | Val Loss: 1.3752 | Macro-F1: 0.3780 | LR: 0.00010000
[2026-04-03 04:38:59] ✅ 发现更佳模型! 保存路径: best_efficientnet_fold2.pth, Macro-F1: 0.3780
[2026-04-03 04:41:49] ------------------------------
[2026-04-03 04:41:49] Epoch 3 | Train Loss: 72.9998 | Val Loss: 1.3107 | Macro-F1: 0.3923 | LR: 0.00010000
[2026-04-03 04:41:50] ✅ 发现更佳模型! 保存路径: best_efficientnet_fold2.pth, Macro-F1: 0.3923
[2026-04-03 04:44:41] ------------------------------
[2026-04-03 04:44:41] Epoch 4 | Train Loss: 67.2968 | Val Loss: 1.2425 | Macro-F1: 0.4419 | LR: 0.00010000
[2026-04-03 04:44:41] ✅ 发现更佳模型! 保存路径: best_efficientnet_fold2.pth, Macro-F1: 0.4419
[2026-04-03 04:47:31] ------------------------------
[2026-04-03 04:47:31] Epoch 5 | Train Loss: 63.9364 | Val Loss: 1.5451 | Macro-F1: 0.3788 | LR: 0.00010000
[2026-04-03 04:50:22] ------------------------------
[2026-04-03 04:50:22] Epoch 6 | Train Loss: 60.2011 | Val Loss: 0.8909 | Macro-F1: 0.5210 | LR: 0.00010000
[2026-04-03 04:50:23] ✅ 发现更佳模型! 保存路径: best_efficientnet_fold2.pth, Macro-F1: 0.5210
[2026-04-03 04:53:13] ------------------------------
[2026-04-03 04:53:13] Epoch 7 | Train Loss: 57.2093 | Val Loss: 1.0800 | Macro-F1: 0.4891 | LR: 0.00010000
[2026-04-03 04:56:04] ------------------------------
[2026-04-03 04:56:04] Epoch 8 | Train Loss: 54.2045 | Val Loss: 1.2454 | Macro-F1: 0.4771 | LR: 0.00010000
[2026-04-03 04:58:55] ------------------------------
[2026-04-03 04:58:55] Epoch 9 | Train Loss: 53.4376 | Val Loss: 1.1712 | Macro-F1: 0.4355 | LR: 0.00010000
[2026-04-03 05:01:45] ------------------------------
[2026-04-03 05:01:45] Epoch 10 | Train Loss: 51.5685 | Val Loss: 1.1623 | Macro-F1: 0.4755 | LR: 0.00010000
[2026-04-03 05:04:36] ------------------------------
[2026-04-03 05:04:36] Epoch 11 | Train Loss: 49.6488 | Val Loss: 0.7995 | Macro-F1: 0.4958 | LR: 0.00010000
[2026-04-03 05:07:26] ------------------------------
[2026-04-03 05:07:26] Epoch 12 | Train Loss: 49.0552 | Val Loss: 1.1407 | Macro-F1: 0.4857 | LR: 0.00010000
[2026-04-03 05:10:17] ------------------------------
[2026-04-03 05:10:17] Epoch 13 | Train Loss: 48.0299 | Val Loss: 0.8232 | Macro-F1: 0.5265 | LR: 0.00005000
[2026-04-03 05:10:18] ✅ 发现更佳模型! 保存路径: best_efficientnet_fold2.pth, Macro-F1: 0.5265
[2026-04-03 05:13:08] ------------------------------
[2026-04-03 05:13:08] Epoch 14 | Train Loss: 45.2421 | Val Loss: 0.7572 | Macro-F1: 0.5365 | LR: 0.00005000
[2026-04-03 05:13:09] ✅ 发现更佳模型! 保存路径: best_efficientnet_fold2.pth, Macro-F1: 0.5365
[2026-04-03 05:15:59] ------------------------------
[2026-04-03 05:15:59] Epoch 15 | Train Loss: 44.7457 | Val Loss: 0.8257 | Macro-F1: 0.5319 | LR: 0.00005000
[2026-04-03 05:18:50] ------------------------------
[2026-04-03 05:18:50] Epoch 16 | Train Loss: 44.8624 | Val Loss: 0.8857 | Macro-F1: 0.5054 | LR: 0.00005000
[2026-04-03 05:21:40] ------------------------------
[2026-04-03 05:21:40] Epoch 17 | Train Loss: 44.1526 | Val Loss: 0.8038 | Macro-F1: 0.5389 | LR: 0.00005000
[2026-04-03 05:21:41] ✅ 发现更佳模型! 保存路径: best_efficientnet_fold2.pth, Macro-F1: 0.5389
[2026-04-03 05:24:31] ------------------------------
[2026-04-03 05:24:31] Epoch 18 | Train Loss: 43.9230 | Val Loss: 0.5946 | Macro-F1: 0.5671 | LR: 0.00005000
[2026-04-03 05:24:32] ✅ 发现更佳模型! 保存路径: best_efficientnet_fold2.pth, Macro-F1: 0.5671
[2026-04-03 05:27:22] ------------------------------
[2026-04-03 05:27:22] Epoch 19 | Train Loss: 42.8125 | Val Loss: 0.8967 | Macro-F1: 0.5245 | LR: 0.00005000
[2026-04-03 05:30:13] ------------------------------
[2026-04-03 05:30:13] Epoch 20 | Train Loss: 42.0531 | Val Loss: 0.6088 | Macro-F1: 0.5648 | LR: 0.00005000
[2026-04-03 05:33:03] ------------------------------
[2026-04-03 05:33:03] Epoch 21 | Train Loss: 42.5679 | Val Loss: 0.8188 | Macro-F1: 0.5442 | LR: 0.00005000
[2026-04-03 05:35:54] ------------------------------
[2026-04-03 05:35:54] Epoch 22 | Train Loss: 42.6579 | Val Loss: 0.8281 | Macro-F1: 0.5448 | LR: 0.00005000
[2026-04-03 05:38:45] ------------------------------
[2026-04-03 05:38:45] Epoch 23 | Train Loss: 41.7653 | Val Loss: 0.6623 | Macro-F1: 0.5587 | LR: 0.00005000
[2026-04-03 05:41:35] ------------------------------
[2026-04-03 05:41:35] Epoch 24 | Train Loss: 41.9145 | Val Loss: 0.6294 | Macro-F1: 0.5603 | LR: 0.00005000
[2026-04-03 05:44:26] ------------------------------
[2026-04-03 05:44:26] Epoch 25 | Train Loss: 40.6109 | Val Loss: 0.6669 | Macro-F1: 0.5747 | LR: 0.00002500
[2026-04-03 05:44:27] ✅ 发现更佳模型! 保存路径: best_efficientnet_fold2.pth, Macro-F1: 0.5747
[2026-04-03 05:47:17] ------------------------------
[2026-04-03 05:47:17] Epoch 26 | Train Loss: 39.9542 | Val Loss: 0.5788 | Macro-F1: 0.5860 | LR: 0.00002500
[2026-04-03 05:47:17] ✅ 发现更佳模型! 保存路径: best_efficientnet_fold2.pth, Macro-F1: 0.5860
[2026-04-03 05:50:08] ------------------------------
[2026-04-03 05:50:08] Epoch 27 | Train Loss: 40.2281 | Val Loss: 0.5462 | Macro-F1: 0.5923 | LR: 0.00002500
[2026-04-03 05:50:08] ✅ 发现更佳模型! 保存路径: best_efficientnet_fold2.pth, Macro-F1: 0.5923
[2026-04-03 05:52:59] ------------------------------
[2026-04-03 05:52:59] Epoch 28 | Train Loss: 39.6646 | Val Loss: 0.6210 | Macro-F1: 0.5781 | LR: 0.00002500
[2026-04-03 05:55:50] ------------------------------
[2026-04-03 05:55:50] Epoch 29 | Train Loss: 39.4789 | Val Loss: 0.5916 | Macro-F1: 0.5850 | LR: 0.00002500
[2026-04-03 05:58:40] ------------------------------
[2026-04-03 05:58:40] Epoch 30 | Train Loss: 39.3497 | Val Loss: 0.6745 | Macro-F1: 0.5855 | LR: 0.00002500
[2026-04-03 06:01:31] ------------------------------
[2026-04-03 06:01:31] Epoch 31 | Train Loss: 40.0724 | Val Loss: 0.5386 | Macro-F1: 0.5958 | LR: 0.00002500
[2026-04-03 06:01:32] ✅ 发现更佳模型! 保存路径: best_efficientnet_fold2.pth, Macro-F1: 0.5958
[2026-04-03 06:04:22] ------------------------------
[2026-04-03 06:04:22] Epoch 32 | Train Loss: 39.1544 | Val Loss: 0.4741 | Macro-F1: 0.6295 | LR: 0.00002500
[2026-04-03 06:04:23] ✅ 发现更佳模型! 保存路径: best_efficientnet_fold2.pth, Macro-F1: 0.6295
[2026-04-03 06:07:13] ------------------------------
[2026-04-03 06:07:13] Epoch 33 | Train Loss: 38.9747 | Val Loss: 0.5718 | Macro-F1: 0.5945 | LR: 0.00002500
[2026-04-03 06:10:04] ------------------------------
[2026-04-03 06:10:04] Epoch 34 | Train Loss: 39.5054 | Val Loss: 0.6657 | Macro-F1: 0.5698 | LR: 0.00002500
[2026-04-03 06:12:54] ------------------------------
[2026-04-03 06:12:54] Epoch 35 | Train Loss: 39.3721 | Val Loss: 0.4752 | Macro-F1: 0.6066 | LR: 0.00002500
[2026-04-03 06:15:45] ------------------------------
[2026-04-03 06:15:45] Epoch 36 | Train Loss: 39.2423 | Val Loss: 0.5640 | Macro-F1: 0.5958 | LR: 0.00002500
[2026-04-03 06:18:36] ------------------------------
[2026-04-03 06:18:36] Epoch 37 | Train Loss: 38.4458 | Val Loss: 0.5971 | Macro-F1: 0.6036 | LR: 0.00002500
[2026-04-03 06:21:26] ------------------------------
[2026-04-03 06:21:26] Epoch 38 | Train Loss: 38.7939 | Val Loss: 0.6184 | Macro-F1: 0.5829 | LR: 0.00002500
[2026-04-03 06:24:17] ------------------------------
[2026-04-03 06:24:17] Epoch 39 | Train Loss: 37.8752 | Val Loss: 0.6627 | Macro-F1: 0.5767 | LR: 0.00001250
[2026-04-03 06:27:08] ------------------------------
[2026-04-03 06:27:08] Epoch 40 | Train Loss: 38.2791 | Val Loss: 0.5625 | Macro-F1: 0.5835 | LR: 0.00001250
[2026-04-03 06:29:58] ------------------------------
[2026-04-03 06:29:58] Epoch 41 | Train Loss: 38.1423 | Val Loss: 0.5782 | Macro-F1: 0.5953 | LR: 0.00001250
[2026-04-03 06:32:49] ------------------------------
[2026-04-03 06:32:49] Epoch 42 | Train Loss: 37.6321 | Val Loss: 0.5077 | Macro-F1: 0.6109 | LR: 0.00001250
[2026-04-03 06:35:40] ------------------------------
[2026-04-03 06:35:40] Epoch 43 | Train Loss: 37.4877 | Val Loss: 0.6711 | Macro-F1: 0.5841 | LR: 0.00001250
[2026-04-03 06:38:30] ------------------------------
[2026-04-03 06:38:30] Epoch 44 | Train Loss: 37.3228 | Val Loss: 0.4905 | Macro-F1: 0.6138 | LR: 0.00001250
[2026-04-03 06:41:21] ------------------------------
[2026-04-03 06:41:21] Epoch 45 | Train Loss: 38.0483 | Val Loss: 0.5258 | Macro-F1: 0.6106 | LR: 0.00000625
[2026-04-03 06:44:12] ------------------------------
[2026-04-03 06:44:12] Epoch 46 | Train Loss: 37.5466 | Val Loss: 0.5351 | Macro-F1: 0.6061 | LR: 0.00000625
[2026-04-03 06:47:03] ------------------------------
[2026-04-03 06:47:03] Epoch 47 | Train Loss: 37.3213 | Val Loss: 0.5339 | Macro-F1: 0.5965 | LR: 0.00000625
[2026-04-03 06:49:53] ------------------------------
[2026-04-03 06:49:53] Epoch 48 | Train Loss: 37.2752 | Val Loss: 0.5822 | Macro-F1: 0.5981 | LR: 0.00000625
[2026-04-03 06:52:44] ------------------------------
[2026-04-03 06:52:44] Epoch 49 | Train Loss: 38.0181 | Val Loss: 0.5525 | Macro-F1: 0.5986 | LR: 0.00000625
[2026-04-03 06:55:34] ------------------------------
[2026-04-03 06:55:34] Epoch 50 | Train Loss: 37.4448 | Val Loss: 0.5204 | Macro-F1: 0.6067 | LR: 0.00000625
[2026-04-03 06:58:25] ------------------------------
[2026-04-03 06:58:25] Epoch 51 | Train Loss: 37.3771 | Val Loss: 0.4947 | Macro-F1: 0.6122 | LR: 0.00000313
[2026-04-03 07:01:16] ------------------------------
[2026-04-03 07:01:16] Epoch 52 | Train Loss: 37.1036 | Val Loss: 0.6229 | Macro-F1: 0.5919 | LR: 0.00000313
[2026-04-03 07:04:06] ------------------------------
[2026-04-03 07:04:06] Epoch 53 | Train Loss: 36.8945 | Val Loss: 0.5545 | Macro-F1: 0.6042 | LR: 0.00000313
[2026-04-03 07:06:57] ------------------------------
[2026-04-03 07:06:57] Epoch 54 | Train Loss: 37.3362 | Val Loss: 0.5797 | Macro-F1: 0.5983 | LR: 0.00000313
[2026-04-03 07:09:48] ------------------------------
[2026-04-03 07:09:48] Epoch 55 | Train Loss: 37.3976 | Val Loss: 0.5791 | Macro-F1: 0.5924 | LR: 0.00000313
[2026-04-03 07:12:38] ------------------------------
[2026-04-03 07:12:38] Epoch 56 | Train Loss: 36.9922 | Val Loss: 0.5853 | Macro-F1: 0.5935 | LR: 0.00000313
[2026-04-03 07:15:29] ------------------------------
[2026-04-03 07:15:29] Epoch 57 | Train Loss: 37.0908 | Val Loss: 0.5303 | Macro-F1: 0.6024 | LR: 0.00000156
[2026-04-03 07:18:20] ------------------------------
[2026-04-03 07:18:20] Epoch 58 | Train Loss: 37.3737 | Val Loss: 0.5309 | Macro-F1: 0.6019 | LR: 0.00000156
[2026-04-03 07:21:10] ------------------------------
[2026-04-03 07:21:10] Epoch 59 | Train Loss: 37.3250 | Val Loss: 0.4856 | Macro-F1: 0.6120 | LR: 0.00000156
[2026-04-03 07:21:11] 
==================================================
[2026-04-03 07:21:11]   EFFICIENTNET — Fold 4/5
[2026-04-03 07:21:11] ==================================================
[2026-04-03 07:24:01] ------------------------------
[2026-04-03 07:24:01] Epoch 0 | Train Loss: 303.2353 | Val Loss: 1.8873 | Macro-F1: 0.2342 | LR: 0.00010000
[2026-04-03 07:24:02] ✅ 发现更佳模型! 保存路径: best_efficientnet_fold3.pth, Macro-F1: 0.2342
[2026-04-03 07:26:52] ------------------------------
[2026-04-03 07:26:52] Epoch 1 | Train Loss: 107.5528 | Val Loss: 1.8298 | Macro-F1: 0.2783 | LR: 0.00010000
[2026-04-03 07:26:52] ✅ 发现更佳模型! 保存路径: best_efficientnet_fold3.pth, Macro-F1: 0.2783
[2026-04-03 07:29:42] ------------------------------
[2026-04-03 07:29:42] Epoch 2 | Train Loss: 84.6495 | Val Loss: 1.1977 | Macro-F1: 0.4081 | LR: 0.00010000
[2026-04-03 07:29:43] ✅ 发现更佳模型! 保存路径: best_efficientnet_fold3.pth, Macro-F1: 0.4081
[2026-04-03 07:32:33] ------------------------------
[2026-04-03 07:32:33] Epoch 3 | Train Loss: 74.9947 | Val Loss: 1.0887 | Macro-F1: 0.4157 | LR: 0.00010000
[2026-04-03 07:32:34] ✅ 发现更佳模型! 保存路径: best_efficientnet_fold3.pth, Macro-F1: 0.4157
[2026-04-03 07:35:24] ------------------------------
[2026-04-03 07:35:24] Epoch 4 | Train Loss: 67.0370 | Val Loss: 1.1371 | Macro-F1: 0.4222 | LR: 0.00010000
[2026-04-03 07:35:25] ✅ 发现更佳模型! 保存路径: best_efficientnet_fold3.pth, Macro-F1: 0.4222
[2026-04-03 07:38:15] ------------------------------
[2026-04-03 07:38:15] Epoch 5 | Train Loss: 61.8288 | Val Loss: 1.2515 | Macro-F1: 0.4208 | LR: 0.00010000
[2026-04-03 07:41:05] ------------------------------
[2026-04-03 07:41:05] Epoch 6 | Train Loss: 60.3217 | Val Loss: 1.2587 | Macro-F1: 0.4218 | LR: 0.00010000
[2026-04-03 07:43:56] ------------------------------
[2026-04-03 07:43:56] Epoch 7 | Train Loss: 55.7953 | Val Loss: 1.1462 | Macro-F1: 0.4659 | LR: 0.00010000
[2026-04-03 07:43:56] ✅ 发现更佳模型! 保存路径: best_efficientnet_fold3.pth, Macro-F1: 0.4659
[2026-04-03 07:46:46] ------------------------------
[2026-04-03 07:46:46] Epoch 8 | Train Loss: 55.6647 | Val Loss: 1.0171 | Macro-F1: 0.4984 | LR: 0.00010000
[2026-04-03 07:46:47] ✅ 发现更佳模型! 保存路径: best_efficientnet_fold3.pth, Macro-F1: 0.4984
[2026-04-03 07:49:37] ------------------------------
[2026-04-03 07:49:37] Epoch 9 | Train Loss: 52.4863 | Val Loss: 1.4874 | Macro-F1: 0.4443 | LR: 0.00010000
[2026-04-03 07:52:28] ------------------------------
[2026-04-03 07:52:28] Epoch 10 | Train Loss: 51.7873 | Val Loss: 1.1994 | Macro-F1: 0.5052 | LR: 0.00010000
[2026-04-03 07:52:28] ✅ 发现更佳模型! 保存路径: best_efficientnet_fold3.pth, Macro-F1: 0.5052
[2026-04-03 07:55:18] ------------------------------
[2026-04-03 07:55:18] Epoch 11 | Train Loss: 49.6655 | Val Loss: 1.1668 | Macro-F1: 0.4511 | LR: 0.00010000
[2026-04-03 07:58:09] ------------------------------
[2026-04-03 07:58:09] Epoch 12 | Train Loss: 49.5687 | Val Loss: 0.8563 | Macro-F1: 0.5251 | LR: 0.00010000
[2026-04-03 07:58:10] ✅ 发现更佳模型! 保存路径: best_efficientnet_fold3.pth, Macro-F1: 0.5251
[2026-04-03 08:01:00] ------------------------------
[2026-04-03 08:01:00] Epoch 13 | Train Loss: 47.8773 | Val Loss: 0.7804 | Macro-F1: 0.5195 | LR: 0.00010000
[2026-04-03 08:03:50] ------------------------------
[2026-04-03 08:03:50] Epoch 14 | Train Loss: 47.4579 | Val Loss: 1.0177 | Macro-F1: 0.4987 | LR: 0.00010000
[2026-04-03 08:06:41] ------------------------------
[2026-04-03 08:06:41] Epoch 15 | Train Loss: 47.4277 | Val Loss: 0.9435 | Macro-F1: 0.5127 | LR: 0.00010000
[2026-04-03 08:09:31] ------------------------------
[2026-04-03 08:09:31] Epoch 16 | Train Loss: 46.6527 | Val Loss: 0.7359 | Macro-F1: 0.5560 | LR: 0.00010000
[2026-04-03 08:09:32] ✅ 发现更佳模型! 保存路径: best_efficientnet_fold3.pth, Macro-F1: 0.5560
[2026-04-03 08:12:22] ------------------------------
[2026-04-03 08:12:22] Epoch 17 | Train Loss: 45.3367 | Val Loss: 0.7091 | Macro-F1: 0.5613 | LR: 0.00010000
[2026-04-03 08:12:23] ✅ 发现更佳模型! 保存路径: best_efficientnet_fold3.pth, Macro-F1: 0.5613
[2026-04-03 08:15:13] ------------------------------
[2026-04-03 08:15:13] Epoch 18 | Train Loss: 45.1898 | Val Loss: 0.9659 | Macro-F1: 0.5159 | LR: 0.00010000
[2026-04-03 08:18:03] ------------------------------
[2026-04-03 08:18:03] Epoch 19 | Train Loss: 44.1191 | Val Loss: 0.7958 | Macro-F1: 0.5425 | LR: 0.00010000
[2026-04-03 08:20:54] ------------------------------
[2026-04-03 08:20:54] Epoch 20 | Train Loss: 43.1666 | Val Loss: 0.9573 | Macro-F1: 0.5189 | LR: 0.00010000
[2026-04-03 08:23:44] ------------------------------
[2026-04-03 08:23:44] Epoch 21 | Train Loss: 43.4386 | Val Loss: 0.6790 | Macro-F1: 0.5601 | LR: 0.00010000
[2026-04-03 08:26:35] ------------------------------
[2026-04-03 08:26:35] Epoch 22 | Train Loss: 42.7436 | Val Loss: 1.0168 | Macro-F1: 0.5171 | LR: 0.00010000
[2026-04-03 08:29:25] ------------------------------
[2026-04-03 08:29:25] Epoch 23 | Train Loss: 42.0240 | Val Loss: 0.9498 | Macro-F1: 0.5320 | LR: 0.00010000
[2026-04-03 08:32:16] ------------------------------
[2026-04-03 08:32:16] Epoch 24 | Train Loss: 41.0137 | Val Loss: 0.7993 | Macro-F1: 0.5654 | LR: 0.00005000
[2026-04-03 08:32:17] ✅ 发现更佳模型! 保存路径: best_efficientnet_fold3.pth, Macro-F1: 0.5654
[2026-04-03 08:35:07] ------------------------------
[2026-04-03 08:35:07] Epoch 25 | Train Loss: 40.4209 | Val Loss: 0.6603 | Macro-F1: 0.5945 | LR: 0.00005000
[2026-04-03 08:35:07] ✅ 发现更佳模型! 保存路径: best_efficientnet_fold3.pth, Macro-F1: 0.5945
[2026-04-03 08:37:57] ------------------------------
[2026-04-03 08:37:57] Epoch 26 | Train Loss: 39.8077 | Val Loss: 0.5996 | Macro-F1: 0.5870 | LR: 0.00005000
[2026-04-03 08:40:48] ------------------------------
[2026-04-03 08:40:48] Epoch 27 | Train Loss: 39.7317 | Val Loss: 0.6477 | Macro-F1: 0.5918 | LR: 0.00005000
[2026-04-03 08:43:39] ------------------------------
[2026-04-03 08:43:39] Epoch 28 | Train Loss: 39.3021 | Val Loss: 0.7690 | Macro-F1: 0.5849 | LR: 0.00005000
[2026-04-03 08:46:29] ------------------------------
[2026-04-03 08:46:29] Epoch 29 | Train Loss: 39.6267 | Val Loss: 0.8220 | Macro-F1: 0.5513 | LR: 0.00005000
[2026-04-03 08:49:20] ------------------------------
[2026-04-03 08:49:20] Epoch 30 | Train Loss: 39.1032 | Val Loss: 0.6986 | Macro-F1: 0.5817 | LR: 0.00005000
[2026-04-03 08:52:10] ------------------------------
[2026-04-03 08:52:10] Epoch 31 | Train Loss: 39.1648 | Val Loss: 0.8077 | Macro-F1: 0.5421 | LR: 0.00005000
[2026-04-03 08:55:01] ------------------------------
[2026-04-03 08:55:01] Epoch 32 | Train Loss: 37.8721 | Val Loss: 0.7817 | Macro-F1: 0.5519 | LR: 0.00002500
[2026-04-03 08:57:52] ------------------------------
[2026-04-03 08:57:52] Epoch 33 | Train Loss: 37.8646 | Val Loss: 0.6491 | Macro-F1: 0.5778 | LR: 0.00002500
[2026-04-03 09:00:43] ------------------------------
[2026-04-03 09:00:43] Epoch 34 | Train Loss: 37.6905 | Val Loss: 0.7234 | Macro-F1: 0.6000 | LR: 0.00002500
[2026-04-03 09:00:43] ✅ 发现更佳模型! 保存路径: best_efficientnet_fold3.pth, Macro-F1: 0.6000
[2026-04-03 09:03:33] ------------------------------
[2026-04-03 09:03:33] Epoch 35 | Train Loss: 37.9226 | Val Loss: 0.8176 | Macro-F1: 0.5890 | LR: 0.00002500
[2026-04-03 09:06:24] ------------------------------
[2026-04-03 09:06:24] Epoch 36 | Train Loss: 37.6379 | Val Loss: 0.6090 | Macro-F1: 0.5880 | LR: 0.00002500
[2026-04-03 09:09:14] ------------------------------
[2026-04-03 09:09:14] Epoch 37 | Train Loss: 37.1183 | Val Loss: 0.6673 | Macro-F1: 0.5889 | LR: 0.00002500
[2026-04-03 09:12:05] ------------------------------
[2026-04-03 09:12:05] Epoch 38 | Train Loss: 37.7458 | Val Loss: 0.6117 | Macro-F1: 0.5862 | LR: 0.00002500
[2026-04-03 09:14:55] ------------------------------
[2026-04-03 09:14:55] Epoch 39 | Train Loss: 37.2954 | Val Loss: 0.7773 | Macro-F1: 0.5644 | LR: 0.00002500
[2026-04-03 09:17:46] ------------------------------
[2026-04-03 09:17:46] Epoch 40 | Train Loss: 38.1612 | Val Loss: 0.6843 | Macro-F1: 0.5785 | LR: 0.00002500
[2026-04-03 09:20:36] ------------------------------
[2026-04-03 09:20:36] Epoch 41 | Train Loss: 37.2985 | Val Loss: 0.6085 | Macro-F1: 0.5843 | LR: 0.00001250
[2026-04-03 09:23:27] ------------------------------
[2026-04-03 09:23:27] Epoch 42 | Train Loss: 37.3537 | Val Loss: 0.5520 | Macro-F1: 0.5877 | LR: 0.00001250
[2026-04-03 09:26:18] ------------------------------
[2026-04-03 09:26:18] Epoch 43 | Train Loss: 36.7570 | Val Loss: 0.6160 | Macro-F1: 0.5873 | LR: 0.00001250
[2026-04-03 09:29:08] ------------------------------
[2026-04-03 09:29:08] Epoch 44 | Train Loss: 36.7328 | Val Loss: 0.4969 | Macro-F1: 0.6014 | LR: 0.00001250
[2026-04-03 09:29:09] ✅ 发现更佳模型! 保存路径: best_efficientnet_fold3.pth, Macro-F1: 0.6014
[2026-04-03 09:31:59] ------------------------------
[2026-04-03 09:31:59] Epoch 45 | Train Loss: 36.9167 | Val Loss: 0.6468 | Macro-F1: 0.5839 | LR: 0.00001250
[2026-04-03 09:34:49] ------------------------------
[2026-04-03 09:34:49] Epoch 46 | Train Loss: 36.5940 | Val Loss: 0.5268 | Macro-F1: 0.5995 | LR: 0.00001250
[2026-04-03 09:37:40] ------------------------------
[2026-04-03 09:37:40] Epoch 47 | Train Loss: 36.4824 | Val Loss: 0.5635 | Macro-F1: 0.5912 | LR: 0.00001250
[2026-04-03 09:40:31] ------------------------------
[2026-04-03 09:40:31] Epoch 48 | Train Loss: 36.3671 | Val Loss: 0.5382 | Macro-F1: 0.5953 | LR: 0.00001250
[2026-04-03 09:43:22] ------------------------------
[2026-04-03 09:43:22] Epoch 49 | Train Loss: 36.3497 | Val Loss: 0.5154 | Macro-F1: 0.6028 | LR: 0.00001250
[2026-04-03 09:43:22] ✅ 发现更佳模型! 保存路径: best_efficientnet_fold3.pth, Macro-F1: 0.6028
[2026-04-03 09:46:12] ------------------------------
[2026-04-03 09:46:12] Epoch 50 | Train Loss: 36.4321 | Val Loss: 0.4934 | Macro-F1: 0.6086 | LR: 0.00001250
[2026-04-03 09:46:13] ✅ 发现更佳模型! 保存路径: best_efficientnet_fold3.pth, Macro-F1: 0.6086
[2026-04-03 09:49:03] ------------------------------
[2026-04-03 09:49:03] Epoch 51 | Train Loss: 36.2944 | Val Loss: 0.5984 | Macro-F1: 0.5932 | LR: 0.00001250
[2026-04-03 09:51:53] ------------------------------
[2026-04-03 09:51:53] Epoch 52 | Train Loss: 36.3837 | Val Loss: 0.4726 | Macro-F1: 0.6109 | LR: 0.00001250
[2026-04-03 09:51:54] ✅ 发现更佳模型! 保存路径: best_efficientnet_fold3.pth, Macro-F1: 0.6109
[2026-04-03 09:54:44] ------------------------------
[2026-04-03 09:54:44] Epoch 53 | Train Loss: 36.2558 | Val Loss: 0.5799 | Macro-F1: 0.5771 | LR: 0.00001250
[2026-04-03 09:57:34] ------------------------------
[2026-04-03 09:57:34] Epoch 54 | Train Loss: 36.0593 | Val Loss: 0.6171 | Macro-F1: 0.5909 | LR: 0.00001250
[2026-04-03 10:00:25] ------------------------------
[2026-04-03 10:00:25] Epoch 55 | Train Loss: 36.2451 | Val Loss: 0.5424 | Macro-F1: 0.5943 | LR: 0.00001250
[2026-04-03 10:03:15] ------------------------------
[2026-04-03 10:03:15] Epoch 56 | Train Loss: 36.2938 | Val Loss: 0.6595 | Macro-F1: 0.5736 | LR: 0.00001250
[2026-04-03 10:06:06] ------------------------------
[2026-04-03 10:06:06] Epoch 57 | Train Loss: 36.3687 | Val Loss: 0.6195 | Macro-F1: 0.5781 | LR: 0.00001250
[2026-04-03 10:08:57] ------------------------------
[2026-04-03 10:08:57] Epoch 58 | Train Loss: 36.3427 | Val Loss: 0.5961 | Macro-F1: 0.5805 | LR: 0.00001250
[2026-04-03 10:11:47] ------------------------------
[2026-04-03 10:11:47] Epoch 59 | Train Loss: 36.1592 | Val Loss: 0.5383 | Macro-F1: 0.5914 | LR: 0.00000625
[2026-04-03 10:11:47] 
==================================================
[2026-04-03 10:11:47]   EFFICIENTNET — Fold 5/5
[2026-04-03 10:11:47] ==================================================
[2026-04-03 10:14:38] ------------------------------
[2026-04-03 10:14:38] Epoch 0 | Train Loss: 295.4240 | Val Loss: 1.7809 | Macro-F1: 0.2661 | LR: 0.00010000
[2026-04-03 10:14:38] ✅ 发现更佳模型! 保存路径: best_efficientnet_fold4.pth, Macro-F1: 0.2661
[2026-04-03 10:17:28] ------------------------------
[2026-04-03 10:17:28] Epoch 1 | Train Loss: 107.8806 | Val Loss: 1.1823 | Macro-F1: 0.4019 | LR: 0.00010000
[2026-04-03 10:17:29] ✅ 发现更佳模型! 保存路径: best_efficientnet_fold4.pth, Macro-F1: 0.4019
[2026-04-03 10:20:19] ------------------------------
[2026-04-03 10:20:19] Epoch 2 | Train Loss: 85.8280 | Val Loss: 1.0829 | Macro-F1: 0.4096 | LR: 0.00010000
[2026-04-03 10:20:20] ✅ 发现更佳模型! 保存路径: best_efficientnet_fold4.pth, Macro-F1: 0.4096
[2026-04-03 10:23:10] ------------------------------
[2026-04-03 10:23:10] Epoch 3 | Train Loss: 72.4008 | Val Loss: 1.1826 | Macro-F1: 0.4097 | LR: 0.00010000
[2026-04-03 10:23:10] ✅ 发现更佳模型! 保存路径: best_efficientnet_fold4.pth, Macro-F1: 0.4097
[2026-04-03 10:26:00] ------------------------------
[2026-04-03 10:26:00] Epoch 4 | Train Loss: 66.1180 | Val Loss: 0.8391 | Macro-F1: 0.4770 | LR: 0.00010000
[2026-04-03 10:26:01] ✅ 发现更佳模型! 保存路径: best_efficientnet_fold4.pth, Macro-F1: 0.4770
[2026-04-03 10:28:51] ------------------------------
[2026-04-03 10:28:51] Epoch 5 | Train Loss: 62.6382 | Val Loss: 1.0491 | Macro-F1: 0.4849 | LR: 0.00010000
[2026-04-03 10:28:51] ✅ 发现更佳模型! 保存路径: best_efficientnet_fold4.pth, Macro-F1: 0.4849
[2026-04-03 10:31:42] ------------------------------
[2026-04-03 10:31:42] Epoch 6 | Train Loss: 58.2550 | Val Loss: 1.1295 | Macro-F1: 0.4607 | LR: 0.00010000
[2026-04-03 10:34:32] ------------------------------
[2026-04-03 10:34:32] Epoch 7 | Train Loss: 55.2152 | Val Loss: 1.2509 | Macro-F1: 0.4619 | LR: 0.00010000
[2026-04-03 10:37:23] ------------------------------
[2026-04-03 10:37:23] Epoch 8 | Train Loss: 54.2975 | Val Loss: 1.0659 | Macro-F1: 0.4447 | LR: 0.00010000
[2026-04-03 10:40:13] ------------------------------
[2026-04-03 10:40:13] Epoch 9 | Train Loss: 52.2359 | Val Loss: 1.2280 | Macro-F1: 0.4469 | LR: 0.00010000
[2026-04-03 10:43:04] ------------------------------
[2026-04-03 10:43:04] Epoch 10 | Train Loss: 51.2248 | Val Loss: 0.7932 | Macro-F1: 0.5076 | LR: 0.00010000
[2026-04-03 10:43:04] ✅ 发现更佳模型! 保存路径: best_efficientnet_fold4.pth, Macro-F1: 0.5076
[2026-04-03 10:45:54] ------------------------------
[2026-04-03 10:45:54] Epoch 11 | Train Loss: 50.5669 | Val Loss: 0.8765 | Macro-F1: 0.4991 | LR: 0.00010000
[2026-04-03 10:48:44] ------------------------------
[2026-04-03 10:48:44] Epoch 12 | Train Loss: 49.3731 | Val Loss: 1.0790 | Macro-F1: 0.5020 | LR: 0.00010000
[2026-04-03 10:51:35] ------------------------------
[2026-04-03 10:51:35] Epoch 13 | Train Loss: 49.1642 | Val Loss: 0.9858 | Macro-F1: 0.5095 | LR: 0.00010000
[2026-04-03 10:51:35] ✅ 发现更佳模型! 保存路径: best_efficientnet_fold4.pth, Macro-F1: 0.5095
[2026-04-03 10:54:25] ------------------------------
[2026-04-03 10:54:25] Epoch 14 | Train Loss: 47.2153 | Val Loss: 0.9076 | Macro-F1: 0.5229 | LR: 0.00010000
[2026-04-03 10:54:26] ✅ 发现更佳模型! 保存路径: best_efficientnet_fold4.pth, Macro-F1: 0.5229
[2026-04-03 10:57:16] ------------------------------
[2026-04-03 10:57:16] Epoch 15 | Train Loss: 47.2416 | Val Loss: 0.8093 | Macro-F1: 0.5504 | LR: 0.00010000
[2026-04-03 10:57:17] ✅ 发现更佳模型! 保存路径: best_efficientnet_fold4.pth, Macro-F1: 0.5504
[2026-04-03 11:00:07] ------------------------------
[2026-04-03 11:00:07] Epoch 16 | Train Loss: 45.9556 | Val Loss: 1.0580 | Macro-F1: 0.4882 | LR: 0.00010000
[2026-04-03 11:02:57] ------------------------------
[2026-04-03 11:02:57] Epoch 17 | Train Loss: 46.0708 | Val Loss: 0.7545 | Macro-F1: 0.5310 | LR: 0.00010000
[2026-04-03 11:05:48] ------------------------------
[2026-04-03 11:05:48] Epoch 18 | Train Loss: 44.0325 | Val Loss: 0.8269 | Macro-F1: 0.5654 | LR: 0.00010000
[2026-04-03 11:05:48] ✅ 发现更佳模型! 保存路径: best_efficientnet_fold4.pth, Macro-F1: 0.5654
[2026-04-03 11:08:38] ------------------------------
[2026-04-03 11:08:38] Epoch 19 | Train Loss: 44.5166 | Val Loss: 0.4947 | Macro-F1: 0.5994 | LR: 0.00010000
[2026-04-03 11:08:39] ✅ 发现更佳模型! 保存路径: best_efficientnet_fold4.pth, Macro-F1: 0.5994
[2026-04-03 11:11:29] ------------------------------
[2026-04-03 11:11:29] Epoch 20 | Train Loss: 43.9326 | Val Loss: 0.6470 | Macro-F1: 0.5667 | LR: 0.00010000
[2026-04-03 11:14:20] ------------------------------
[2026-04-03 11:14:20] Epoch 21 | Train Loss: 43.2684 | Val Loss: 0.8269 | Macro-F1: 0.5542 | LR: 0.00010000
[2026-04-03 11:17:10] ------------------------------
[2026-04-03 11:17:10] Epoch 22 | Train Loss: 43.0790 | Val Loss: 0.8278 | Macro-F1: 0.5441 | LR: 0.00010000
[2026-04-03 11:20:00] ------------------------------
[2026-04-03 11:20:00] Epoch 23 | Train Loss: 43.3149 | Val Loss: 0.8438 | Macro-F1: 0.5643 | LR: 0.00010000
[2026-04-03 11:22:51] ------------------------------
[2026-04-03 11:22:51] Epoch 24 | Train Loss: 41.9633 | Val Loss: 0.5703 | Macro-F1: 0.5734 | LR: 0.00010000
[2026-04-03 11:25:41] ------------------------------
[2026-04-03 11:25:41] Epoch 25 | Train Loss: 42.3981 | Val Loss: 0.6610 | Macro-F1: 0.5848 | LR: 0.00010000
[2026-04-03 11:28:32] ------------------------------
[2026-04-03 11:28:32] Epoch 26 | Train Loss: 40.0898 | Val Loss: 0.5666 | Macro-F1: 0.6022 | LR: 0.00005000
[2026-04-03 11:28:33] ✅ 发现更佳模型! 保存路径: best_efficientnet_fold4.pth, Macro-F1: 0.6022
[2026-04-03 11:31:23] ------------------------------
[2026-04-03 11:31:23] Epoch 27 | Train Loss: 39.1917 | Val Loss: 0.4760 | Macro-F1: 0.6136 | LR: 0.00005000
[2026-04-03 11:31:23] ✅ 发现更佳模型! 保存路径: best_efficientnet_fold4.pth, Macro-F1: 0.6136
[2026-04-03 11:34:14] ------------------------------
[2026-04-03 11:34:14] Epoch 28 | Train Loss: 39.5459 | Val Loss: 0.5672 | Macro-F1: 0.5981 | LR: 0.00005000
[2026-04-03 11:37:04] ------------------------------
[2026-04-03 11:37:04] Epoch 29 | Train Loss: 39.6476 | Val Loss: 0.6342 | Macro-F1: 0.5832 | LR: 0.00005000
[2026-04-03 11:39:55] ------------------------------
[2026-04-03 11:39:55] Epoch 30 | Train Loss: 38.7209 | Val Loss: 0.5470 | Macro-F1: 0.6226 | LR: 0.00005000
[2026-04-03 11:39:56] ✅ 发现更佳模型! 保存路径: best_efficientnet_fold4.pth, Macro-F1: 0.6226
[2026-04-03 11:42:46] ------------------------------
[2026-04-03 11:42:46] Epoch 31 | Train Loss: 39.0033 | Val Loss: 0.4528 | Macro-F1: 0.6370 | LR: 0.00005000
[2026-04-03 11:42:46] ✅ 发现更佳模型! 保存路径: best_efficientnet_fold4.pth, Macro-F1: 0.6370
[2026-04-03 11:45:36] ------------------------------
[2026-04-03 11:45:36] Epoch 32 | Train Loss: 38.6164 | Val Loss: 0.5576 | Macro-F1: 0.6151 | LR: 0.00005000
[2026-04-03 11:48:27] ------------------------------
[2026-04-03 11:48:27] Epoch 33 | Train Loss: 38.7009 | Val Loss: 0.4459 | Macro-F1: 0.6317 | LR: 0.00005000
[2026-04-03 11:51:17] ------------------------------
[2026-04-03 11:51:17] Epoch 34 | Train Loss: 38.1132 | Val Loss: 0.5805 | Macro-F1: 0.6050 | LR: 0.00005000
[2026-04-03 11:54:08] ------------------------------
[2026-04-03 11:54:08] Epoch 35 | Train Loss: 38.4402 | Val Loss: 0.5921 | Macro-F1: 0.6088 | LR: 0.00005000
[2026-04-03 11:56:58] ------------------------------
[2026-04-03 11:56:58] Epoch 36 | Train Loss: 38.5470 | Val Loss: 0.7061 | Macro-F1: 0.5918 | LR: 0.00005000
[2026-04-03 11:59:48] ------------------------------
[2026-04-03 11:59:48] Epoch 37 | Train Loss: 38.2895 | Val Loss: 0.5257 | Macro-F1: 0.6283 | LR: 0.00005000
[2026-04-03 12:02:39] ------------------------------
[2026-04-03 12:02:39] Epoch 38 | Train Loss: 37.3712 | Val Loss: 0.4845 | Macro-F1: 0.6254 | LR: 0.00002500
[2026-04-03 12:05:29] ------------------------------
[2026-04-03 12:05:29] Epoch 39 | Train Loss: 37.4626 | Val Loss: 0.5517 | Macro-F1: 0.6213 | LR: 0.00002500
[2026-04-03 12:08:20] ------------------------------
[2026-04-03 12:08:20] Epoch 40 | Train Loss: 37.2963 | Val Loss: 0.5983 | Macro-F1: 0.6066 | LR: 0.00002500
[2026-04-03 12:11:11] ------------------------------
[2026-04-03 12:11:11] Epoch 41 | Train Loss: 36.6999 | Val Loss: 0.5171 | Macro-F1: 0.6182 | LR: 0.00002500
[2026-04-03 12:14:01] ------------------------------
[2026-04-03 12:14:01] Epoch 42 | Train Loss: 36.8411 | Val Loss: 0.4875 | Macro-F1: 0.6257 | LR: 0.00002500
[2026-04-03 12:16:51] ------------------------------
[2026-04-03 12:16:51] Epoch 43 | Train Loss: 36.4498 | Val Loss: 0.4899 | Macro-F1: 0.6283 | LR: 0.00002500
[2026-04-03 12:19:42] ------------------------------
[2026-04-03 12:19:42] Epoch 44 | Train Loss: 36.5413 | Val Loss: 0.4837 | Macro-F1: 0.6287 | LR: 0.00001250
[2026-04-03 12:22:32] ------------------------------
[2026-04-03 12:22:32] Epoch 45 | Train Loss: 36.8857 | Val Loss: 0.4722 | Macro-F1: 0.6300 | LR: 0.00001250
[2026-04-03 12:25:23] ------------------------------
[2026-04-03 12:25:23] Epoch 46 | Train Loss: 36.4743 | Val Loss: 0.4952 | Macro-F1: 0.6222 | LR: 0.00001250
[2026-04-03 12:28:13] ------------------------------
[2026-04-03 12:28:13] Epoch 47 | Train Loss: 36.3390 | Val Loss: 0.5006 | Macro-F1: 0.6160 | LR: 0.00001250
[2026-04-03 12:31:04] ------------------------------
[2026-04-03 12:31:04] Epoch 48 | Train Loss: 36.5934 | Val Loss: 0.5128 | Macro-F1: 0.6274 | LR: 0.00001250
[2026-04-03 12:33:55] ------------------------------
[2026-04-03 12:33:55] Epoch 49 | Train Loss: 36.1122 | Val Loss: 0.5051 | Macro-F1: 0.6266 | LR: 0.00001250
[2026-04-03 12:36:45] ------------------------------
[2026-04-03 12:36:45] Epoch 50 | Train Loss: 36.1613 | Val Loss: 0.5134 | Macro-F1: 0.6277 | LR: 0.00000625
[2026-04-03 12:39:35] ------------------------------
[2026-04-03 12:39:35] Epoch 51 | Train Loss: 36.0465 | Val Loss: 0.4260 | Macro-F1: 0.6404 | LR: 0.00000625
[2026-04-03 12:39:36] ✅ 发现更佳模型! 保存路径: best_efficientnet_fold4.pth, Macro-F1: 0.6404
[2026-04-03 12:42:26] ------------------------------
[2026-04-03 12:42:26] Epoch 52 | Train Loss: 36.0645 | Val Loss: 0.4588 | Macro-F1: 0.6355 | LR: 0.00000625
[2026-04-03 12:45:16] ------------------------------
[2026-04-03 12:45:16] Epoch 53 | Train Loss: 36.2594 | Val Loss: 0.4550 | Macro-F1: 0.6358 | LR: 0.00000625
[2026-04-03 12:48:07] ------------------------------
[2026-04-03 12:48:07] Epoch 54 | Train Loss: 35.9940 | Val Loss: 0.4661 | Macro-F1: 0.6347 | LR: 0.00000625
[2026-04-03 12:50:58] ------------------------------
[2026-04-03 12:50:58] Epoch 55 | Train Loss: 36.1227 | Val Loss: 0.4759 | Macro-F1: 0.6285 | LR: 0.00000625
[2026-04-03 12:53:48] ------------------------------
[2026-04-03 12:53:48] Epoch 56 | Train Loss: 35.7374 | Val Loss: 0.4734 | Macro-F1: 0.6329 | LR: 0.00000625
[2026-04-03 12:56:39] ------------------------------
[2026-04-03 12:56:39] Epoch 57 | Train Loss: 35.8150 | Val Loss: 0.4486 | Macro-F1: 0.6419 | LR: 0.00000625
[2026-04-03 12:56:39] ✅ 发现更佳模型! 保存路径: best_efficientnet_fold4.pth, Macro-F1: 0.6419
[2026-04-03 12:59:30] ------------------------------
[2026-04-03 12:59:30] Epoch 58 | Train Loss: 36.0504 | Val Loss: 0.5494 | Macro-F1: 0.6163 | LR: 0.00000625
[2026-04-03 13:02:20] ------------------------------
[2026-04-03 13:02:20] Epoch 59 | Train Loss: 36.0730 | Val Loss: 0.4721 | Macro-F1: 0.6356 | LR: 0.00000625
