[2026-04-04 19:06:57] 
==================================================
[2026-04-04 19:06:57]   CONVNEXT — Fold 1/2
[2026-04-04 19:06:57] ==================================================
[2026-04-04 19:10:10] ------------------------------
[2026-04-04 19:10:10] Epoch 0 | Train Loss: 101.8862 | Val Loss: 1.7328 | Macro-F1: 0.3068 | LR: 0.00005000
[2026-04-04 19:10:12] ✅ 发现更佳模型! 保存路径: best_convnext_fold0.pth, Macro-F1: 0.3068
[2026-04-04 19:13:26] ------------------------------
[2026-04-04 19:13:26] Epoch 1 | Train Loss: 39.3569 | Val Loss: 1.7095 | Macro-F1: 0.3123 | LR: 0.00005000
[2026-04-04 19:13:29] ✅ 发现更佳模型! 保存路径: best_convnext_fold0.pth, Macro-F1: 0.3123
[2026-04-04 19:16:44] ------------------------------
[2026-04-04 19:16:44] Epoch 2 | Train Loss: 34.1069 | Val Loss: 1.8243 | Macro-F1: 0.3551 | LR: 0.00005000
[2026-04-04 19:16:49] ✅ 发现更佳模型! 保存路径: best_convnext_fold0.pth, Macro-F1: 0.3551
[2026-04-04 19:20:03] ------------------------------
[2026-04-04 19:20:03] Epoch 3 | Train Loss: 30.1619 | Val Loss: 1.4545 | Macro-F1: 0.3782 | LR: 0.00005000
[2026-04-04 19:20:06] ✅ 发现更佳模型! 保存路径: best_convnext_fold0.pth, Macro-F1: 0.3782
[2026-04-04 19:23:21] ------------------------------
[2026-04-04 19:23:21] Epoch 4 | Train Loss: 28.6636 | Val Loss: 1.8475 | Macro-F1: 0.3960 | LR: 0.00005000
[2026-04-04 19:23:24] ✅ 发现更佳模型! 保存路径: best_convnext_fold0.pth, Macro-F1: 0.3960
[2026-04-04 19:26:38] ------------------------------
[2026-04-04 19:26:38] Epoch 5 | Train Loss: 29.2327 | Val Loss: 1.1410 | Macro-F1: 0.4675 | LR: 0.00005000
[2026-04-04 19:26:43] ✅ 发现更佳模型! 保存路径: best_convnext_fold0.pth, Macro-F1: 0.4675
[2026-04-04 19:29:58] ------------------------------
[2026-04-04 19:29:58] Epoch 6 | Train Loss: 27.1907 | Val Loss: 1.6103 | Macro-F1: 0.3829 | LR: 0.00005000
[2026-04-04 19:33:12] ------------------------------
[2026-04-04 19:33:12] Epoch 7 | Train Loss: 26.2027 | Val Loss: 1.6436 | Macro-F1: 0.4189 | LR: 0.00005000
[2026-04-04 19:36:27] ------------------------------
[2026-04-04 19:36:27] Epoch 8 | Train Loss: 26.7266 | Val Loss: 0.9948 | Macro-F1: 0.5222 | LR: 0.00005000
[2026-04-04 19:36:30] ✅ 发现更佳模型! 保存路径: best_convnext_fold0.pth, Macro-F1: 0.5222
[2026-04-04 19:39:44] ------------------------------
[2026-04-04 19:39:44] Epoch 9 | Train Loss: 25.0099 | Val Loss: 1.1771 | Macro-F1: 0.4776 | LR: 0.00005000
[2026-04-04 19:42:59] ------------------------------
[2026-04-04 19:42:59] Epoch 10 | Train Loss: 24.6631 | Val Loss: 1.3116 | Macro-F1: 0.4708 | LR: 0.00005000
[2026-04-04 19:46:13] ------------------------------
[2026-04-04 19:46:13] Epoch 11 | Train Loss: 24.2699 | Val Loss: 0.7793 | Macro-F1: 0.5415 | LR: 0.00005000
[2026-04-04 19:46:17] ✅ 发现更佳模型! 保存路径: best_convnext_fold0.pth, Macro-F1: 0.5415
[2026-04-04 19:49:31] ------------------------------
[2026-04-04 19:49:31] Epoch 12 | Train Loss: 24.7091 | Val Loss: 1.4502 | Macro-F1: 0.4502 | LR: 0.00005000
[2026-04-04 19:52:11] ------------------------------
[2026-04-04 19:52:11] Epoch 13 | Train Loss: 23.2822 | Val Loss: 0.8957 | Macro-F1: 0.5544 | LR: 0.00005000
[2026-04-04 19:52:17] ✅ 发现更佳模型! 保存路径: best_convnext_fold0.pth, Macro-F1: 0.5544
[2026-04-04 19:55:31] ------------------------------
[2026-04-04 19:55:31] Epoch 14 | Train Loss: 24.3036 | Val Loss: 0.8379 | Macro-F1: 0.5282 | LR: 0.00005000
[2026-04-04 19:58:46] ------------------------------
[2026-04-04 19:58:46] Epoch 15 | Train Loss: 23.7261 | Val Loss: 1.4715 | Macro-F1: 0.4302 | LR: 0.00005000
[2026-04-04 20:02:00] ------------------------------
[2026-04-04 20:02:00] Epoch 16 | Train Loss: 24.8111 | Val Loss: 0.9482 | Macro-F1: 0.5677 | LR: 0.00005000
[2026-04-04 20:02:03] ✅ 发现更佳模型! 保存路径: best_convnext_fold0.pth, Macro-F1: 0.5677
[2026-04-04 20:05:17] ------------------------------
[2026-04-04 20:05:17] Epoch 17 | Train Loss: 23.7688 | Val Loss: 0.9706 | Macro-F1: 0.5433 | LR: 0.00005000
[2026-04-04 20:08:31] ------------------------------
[2026-04-04 20:08:31] Epoch 18 | Train Loss: 24.9204 | Val Loss: 0.6370 | Macro-F1: 0.6131 | LR: 0.00005000
[2026-04-04 20:08:35] ✅ 发现更佳模型! 保存路径: best_convnext_fold0.pth, Macro-F1: 0.6131
[2026-04-04 20:11:49] ------------------------------
[2026-04-04 20:11:49] Epoch 19 | Train Loss: 23.8599 | Val Loss: 0.7211 | Macro-F1: 0.5333 | LR: 0.00005000
[2026-04-04 20:15:03] ------------------------------
[2026-04-04 20:15:03] Epoch 20 | Train Loss: 23.1959 | Val Loss: 0.8429 | Macro-F1: 0.4997 | LR: 0.00005000
[2026-04-04 20:18:17] ------------------------------
[2026-04-04 20:18:17] Epoch 21 | Train Loss: 23.2820 | Val Loss: 0.9999 | Macro-F1: 0.5419 | LR: 0.00005000
[2026-04-04 20:21:31] ------------------------------
[2026-04-04 20:21:31] Epoch 22 | Train Loss: 22.9991 | Val Loss: 0.8231 | Macro-F1: 0.6038 | LR: 0.00005000
[2026-04-04 20:24:45] ------------------------------
[2026-04-04 20:24:45] Epoch 23 | Train Loss: 23.1624 | Val Loss: 0.4740 | Macro-F1: 0.5975 | LR: 0.00005000
[2026-04-04 20:27:59] ------------------------------
[2026-04-04 20:27:59] Epoch 24 | Train Loss: 22.6625 | Val Loss: 1.0800 | Macro-F1: 0.5341 | LR: 0.00005000
[2026-04-04 20:31:14] ------------------------------
[2026-04-04 20:31:14] Epoch 25 | Train Loss: 22.1860 | Val Loss: 0.9116 | Macro-F1: 0.5346 | LR: 0.00002500
[2026-04-04 20:34:27] ------------------------------
[2026-04-04 20:34:27] Epoch 26 | Train Loss: 21.7252 | Val Loss: 0.9512 | Macro-F1: 0.5242 | LR: 0.00002500
[2026-04-04 20:37:42] ------------------------------
[2026-04-04 20:37:42] Epoch 27 | Train Loss: 21.5891 | Val Loss: 0.8219 | Macro-F1: 0.5533 | LR: 0.00002500
[2026-04-04 20:40:56] ------------------------------
[2026-04-04 20:40:56] Epoch 28 | Train Loss: 21.6446 | Val Loss: 0.7796 | Macro-F1: 0.5789 | LR: 0.00002500
[2026-04-04 20:44:10] ------------------------------
[2026-04-04 20:44:10] Epoch 29 | Train Loss: 21.6383 | Val Loss: 1.0722 | Macro-F1: 0.5238 | LR: 0.00002500
[2026-04-04 20:47:25] ------------------------------
[2026-04-04 20:47:25] Epoch 30 | Train Loss: 21.4807 | Val Loss: 0.9627 | Macro-F1: 0.5427 | LR: 0.00002500
[2026-04-04 20:50:39] ------------------------------
[2026-04-04 20:50:39] Epoch 31 | Train Loss: 21.3709 | Val Loss: 0.8095 | Macro-F1: 0.5588 | LR: 0.00001250
[2026-04-04 20:53:54] ------------------------------
[2026-04-04 20:53:54] Epoch 32 | Train Loss: 21.4104 | Val Loss: 0.6764 | Macro-F1: 0.5932 | LR: 0.00001250
[2026-04-04 20:57:08] ------------------------------
[2026-04-04 20:57:08] Epoch 33 | Train Loss: 21.2790 | Val Loss: 0.8432 | Macro-F1: 0.5700 | LR: 0.00001250
[2026-04-04 21:00:22] ------------------------------
[2026-04-04 21:00:22] Epoch 34 | Train Loss: 21.3035 | Val Loss: 1.2001 | Macro-F1: 0.4920 | LR: 0.00001250
[2026-04-04 21:03:36] ------------------------------
[2026-04-04 21:03:36] Epoch 35 | Train Loss: 21.1988 | Val Loss: 0.9495 | Macro-F1: 0.5329 | LR: 0.00001250
[2026-04-04 21:06:51] ------------------------------
[2026-04-04 21:06:51] Epoch 36 | Train Loss: 21.3142 | Val Loss: 0.9412 | Macro-F1: 0.5425 | LR: 0.00001250
[2026-04-04 21:10:05] ------------------------------
[2026-04-04 21:10:05] Epoch 37 | Train Loss: 21.1951 | Val Loss: 0.7608 | Macro-F1: 0.6016 | LR: 0.00000625
[2026-04-04 21:13:19] ------------------------------
[2026-04-04 21:13:19] Epoch 38 | Train Loss: 21.2603 | Val Loss: 0.5500 | Macro-F1: 0.6253 | LR: 0.00000625
[2026-04-04 21:13:26] ✅ 发现更佳模型! 保存路径: best_convnext_fold0.pth, Macro-F1: 0.6253
[2026-04-04 21:16:40] ------------------------------
[2026-04-04 21:16:40] Epoch 39 | Train Loss: 21.1597 | Val Loss: 0.9059 | Macro-F1: 0.5678 | LR: 0.00000625
[2026-04-04 21:19:54] ------------------------------
[2026-04-04 21:19:54] Epoch 40 | Train Loss: 21.1405 | Val Loss: 0.7674 | Macro-F1: 0.5832 | LR: 0.00000625
[2026-04-04 21:23:08] ------------------------------
[2026-04-04 21:23:08] Epoch 41 | Train Loss: 21.1512 | Val Loss: 0.6612 | Macro-F1: 0.6055 | LR: 0.00000625
[2026-04-04 21:26:22] ------------------------------
[2026-04-04 21:26:22] Epoch 42 | Train Loss: 21.2656 | Val Loss: 0.8424 | Macro-F1: 0.5774 | LR: 0.00000625
[2026-04-04 21:29:37] ------------------------------
[2026-04-04 21:29:37] Epoch 43 | Train Loss: 21.2389 | Val Loss: 0.7503 | Macro-F1: 0.5884 | LR: 0.00000625
[2026-04-04 21:32:51] ------------------------------
[2026-04-04 21:32:51] Epoch 44 | Train Loss: 21.1966 | Val Loss: 0.6267 | Macro-F1: 0.5987 | LR: 0.00000625
[2026-04-04 21:36:05] ------------------------------
[2026-04-04 21:36:05] Epoch 45 | Train Loss: 21.1531 | Val Loss: 0.6815 | Macro-F1: 0.5933 | LR: 0.00000313
[2026-04-04 21:39:19] ------------------------------
[2026-04-04 21:39:19] Epoch 46 | Train Loss: 21.1070 | Val Loss: 0.7211 | Macro-F1: 0.5869 | LR: 0.00000313
[2026-04-04 21:42:34] ------------------------------
[2026-04-04 21:42:34] Epoch 47 | Train Loss: 21.0805 | Val Loss: 0.7502 | Macro-F1: 0.5843 | LR: 0.00000313
[2026-04-04 21:45:48] ------------------------------
[2026-04-04 21:45:48] Epoch 48 | Train Loss: 21.0535 | Val Loss: 0.7854 | Macro-F1: 0.5778 | LR: 0.00000313
[2026-04-04 21:49:03] ------------------------------
[2026-04-04 21:49:03] Epoch 49 | Train Loss: 21.1436 | Val Loss: 0.7944 | Macro-F1: 0.5702 | LR: 0.00000313
[2026-04-04 21:52:17] ------------------------------
[2026-04-04 21:52:17] Epoch 50 | Train Loss: 21.0621 | Val Loss: 0.8109 | Macro-F1: 0.5743 | LR: 0.00000313
[2026-04-04 21:55:31] ------------------------------
[2026-04-04 21:55:31] Epoch 51 | Train Loss: 21.0598 | Val Loss: 0.7870 | Macro-F1: 0.5775 | LR: 0.00000156
[2026-04-04 21:58:46] ------------------------------
[2026-04-04 21:58:46] Epoch 52 | Train Loss: 21.0699 | Val Loss: 0.7503 | Macro-F1: 0.5870 | LR: 0.00000156
[2026-04-04 22:02:01] ------------------------------
[2026-04-04 22:02:01] Epoch 53 | Train Loss: 21.1160 | Val Loss: 0.6878 | Macro-F1: 0.5971 | LR: 0.00000156
[2026-04-04 22:05:15] ------------------------------
[2026-04-04 22:05:15] Epoch 54 | Train Loss: 21.0528 | Val Loss: 0.7362 | Macro-F1: 0.5907 | LR: 0.00000156
[2026-04-04 22:08:30] ------------------------------
[2026-04-04 22:08:30] Epoch 55 | Train Loss: 21.0657 | Val Loss: 0.7850 | Macro-F1: 0.5805 | LR: 0.00000156
[2026-04-04 22:11:45] ------------------------------
[2026-04-04 22:11:45] Epoch 56 | Train Loss: 21.0515 | Val Loss: 0.7089 | Macro-F1: 0.5917 | LR: 0.00000156
[2026-04-04 22:14:59] ------------------------------
[2026-04-04 22:14:59] Epoch 57 | Train Loss: 21.1021 | Val Loss: 0.6513 | Macro-F1: 0.6022 | LR: 0.00000078
[2026-04-04 22:18:13] ------------------------------
[2026-04-04 22:18:13] Epoch 58 | Train Loss: 21.0804 | Val Loss: 0.6596 | Macro-F1: 0.6009 | LR: 0.00000078
[2026-04-04 22:21:28] ------------------------------
[2026-04-04 22:21:28] Epoch 59 | Train Loss: 21.0686 | Val Loss: 0.6955 | Macro-F1: 0.5938 | LR: 0.00000078
[2026-04-04 22:21:29] 
==================================================
[2026-04-04 22:21:29]   CONVNEXT — Fold 2/2
[2026-04-04 22:21:29] ==================================================
[2026-04-04 22:24:46] ------------------------------
[2026-04-04 22:24:46] Epoch 0 | Train Loss: 98.1912 | Val Loss: 1.3736 | Macro-F1: 0.3006 | LR: 0.00005000
[2026-04-04 22:24:47] ✅ 发现更佳模型! 保存路径: best_convnext_fold1.pth, Macro-F1: 0.3006
[2026-04-04 22:28:02] ------------------------------
[2026-04-04 22:28:02] Epoch 1 | Train Loss: 40.4025 | Val Loss: 1.7541 | Macro-F1: 0.3349 | LR: 0.00005000
[2026-04-04 22:28:05] ✅ 发现更佳模型! 保存路径: best_convnext_fold1.pth, Macro-F1: 0.3349
[2026-04-04 22:31:20] ------------------------------
[2026-04-04 22:31:20] Epoch 2 | Train Loss: 35.7010 | Val Loss: 1.3183 | Macro-F1: 0.3939 | LR: 0.00005000
[2026-04-04 22:31:24] ✅ 发现更佳模型! 保存路径: best_convnext_fold1.pth, Macro-F1: 0.3939
[2026-04-04 22:34:39] ------------------------------
[2026-04-04 22:34:39] Epoch 3 | Train Loss: 31.3608 | Val Loss: 1.7702 | Macro-F1: 0.3507 | LR: 0.00005000
[2026-04-04 22:37:54] ------------------------------
[2026-04-04 22:37:54] Epoch 4 | Train Loss: 28.7444 | Val Loss: 0.9720 | Macro-F1: 0.4678 | LR: 0.00005000
[2026-04-04 22:38:00] ✅ 发现更佳模型! 保存路径: best_convnext_fold1.pth, Macro-F1: 0.4678
[2026-04-04 22:41:15] ------------------------------
[2026-04-04 22:41:15] Epoch 5 | Train Loss: 28.6239 | Val Loss: 1.0131 | Macro-F1: 0.4447 | LR: 0.00005000
[2026-04-04 22:44:30] ------------------------------
[2026-04-04 22:44:30] Epoch 6 | Train Loss: 27.7216 | Val Loss: 1.2235 | Macro-F1: 0.4560 | LR: 0.00005000
[2026-04-04 22:47:45] ------------------------------
[2026-04-04 22:47:45] Epoch 7 | Train Loss: 26.4735 | Val Loss: 1.0427 | Macro-F1: 0.4725 | LR: 0.00005000
[2026-04-04 22:47:49] ✅ 发现更佳模型! 保存路径: best_convnext_fold1.pth, Macro-F1: 0.4725
[2026-04-04 22:51:03] ------------------------------
[2026-04-04 22:51:03] Epoch 8 | Train Loss: 25.5220 | Val Loss: 1.2203 | Macro-F1: 0.4819 | LR: 0.00005000
[2026-04-04 22:51:10] ✅ 发现更佳模型! 保存路径: best_convnext_fold1.pth, Macro-F1: 0.4819
[2026-04-04 22:54:25] ------------------------------
[2026-04-04 22:54:25] Epoch 9 | Train Loss: 25.4663 | Val Loss: 0.9642 | Macro-F1: 0.4914 | LR: 0.00005000
[2026-04-04 22:54:28] ✅ 发现更佳模型! 保存路径: best_convnext_fold1.pth, Macro-F1: 0.4914
[2026-04-04 22:57:44] ------------------------------
[2026-04-04 22:57:44] Epoch 10 | Train Loss: 25.5603 | Val Loss: 1.1494 | Macro-F1: 0.4359 | LR: 0.00005000
[2026-04-04 23:00:59] ------------------------------
[2026-04-04 23:00:59] Epoch 11 | Train Loss: 24.9481 | Val Loss: 1.4230 | Macro-F1: 0.4274 | LR: 0.00005000
[2026-04-04 23:04:14] ------------------------------
[2026-04-04 23:04:14] Epoch 12 | Train Loss: 24.5607 | Val Loss: 1.3739 | Macro-F1: 0.4535 | LR: 0.00005000
[2026-04-04 23:07:29] ------------------------------
[2026-04-04 23:07:29] Epoch 13 | Train Loss: 24.2480 | Val Loss: 1.3713 | Macro-F1: 0.4542 | LR: 0.00005000
[2026-04-04 23:10:44] ------------------------------
[2026-04-04 23:10:44] Epoch 14 | Train Loss: 24.3997 | Val Loss: 1.0065 | Macro-F1: 0.5167 | LR: 0.00005000
[2026-04-04 23:10:48] ✅ 发现更佳模型! 保存路径: best_convnext_fold1.pth, Macro-F1: 0.5167
[2026-04-04 23:14:02] ------------------------------
[2026-04-04 23:14:02] Epoch 15 | Train Loss: 24.9511 | Val Loss: 0.8481 | Macro-F1: 0.5680 | LR: 0.00005000
[2026-04-04 23:14:05] ✅ 发现更佳模型! 保存路径: best_convnext_fold1.pth, Macro-F1: 0.5680
[2026-04-04 23:17:20] ------------------------------
[2026-04-04 23:17:20] Epoch 16 | Train Loss: 23.6797 | Val Loss: 1.1118 | Macro-F1: 0.4930 | LR: 0.00005000
[2026-04-04 23:20:35] ------------------------------
[2026-04-04 23:20:35] Epoch 17 | Train Loss: 23.6858 | Val Loss: 1.0248 | Macro-F1: 0.5026 | LR: 0.00005000
[2026-04-04 23:23:50] ------------------------------
[2026-04-04 23:23:50] Epoch 18 | Train Loss: 22.7618 | Val Loss: 0.9783 | Macro-F1: 0.5218 | LR: 0.00005000
[2026-04-04 23:27:04] ------------------------------
[2026-04-04 23:27:04] Epoch 19 | Train Loss: 23.5497 | Val Loss: 1.0927 | Macro-F1: 0.4676 | LR: 0.00005000
[2026-04-04 23:30:19] ------------------------------
[2026-04-04 23:30:19] Epoch 20 | Train Loss: 23.3023 | Val Loss: 0.8739 | Macro-F1: 0.5475 | LR: 0.00005000
[2026-04-04 23:33:34] ------------------------------
[2026-04-04 23:33:34] Epoch 21 | Train Loss: 23.6848 | Val Loss: 0.7371 | Macro-F1: 0.5551 | LR: 0.00005000
[2026-04-04 23:36:49] ------------------------------
[2026-04-04 23:36:49] Epoch 22 | Train Loss: 22.7547 | Val Loss: 0.8608 | Macro-F1: 0.5407 | LR: 0.00002500
[2026-04-04 23:40:03] ------------------------------
[2026-04-04 23:40:03] Epoch 23 | Train Loss: 21.9831 | Val Loss: 0.5370 | Macro-F1: 0.5926 | LR: 0.00002500
[2026-04-04 23:40:06] ✅ 发现更佳模型! 保存路径: best_convnext_fold1.pth, Macro-F1: 0.5926
[2026-04-04 23:43:21] ------------------------------
[2026-04-04 23:43:21] Epoch 24 | Train Loss: 21.7894 | Val Loss: 0.8044 | Macro-F1: 0.5475 | LR: 0.00002500
[2026-04-04 23:46:35] ------------------------------
[2026-04-04 23:46:35] Epoch 25 | Train Loss: 21.8689 | Val Loss: 0.7026 | Macro-F1: 0.6301 | LR: 0.00002500
[2026-04-04 23:46:39] ✅ 发现更佳模型! 保存路径: best_convnext_fold1.pth, Macro-F1: 0.6301
[2026-04-04 23:49:54] ------------------------------
[2026-04-04 23:49:54] Epoch 26 | Train Loss: 21.9271 | Val Loss: 0.6993 | Macro-F1: 0.5730 | LR: 0.00002500
[2026-04-04 23:53:08] ------------------------------
[2026-04-04 23:53:08] Epoch 27 | Train Loss: 21.4855 | Val Loss: 0.8584 | Macro-F1: 0.5538 | LR: 0.00002500
[2026-04-04 23:56:23] ------------------------------
[2026-04-04 23:56:23] Epoch 28 | Train Loss: 21.7542 | Val Loss: 0.9855 | Macro-F1: 0.5165 | LR: 0.00002500
[2026-04-04 23:59:37] ------------------------------
[2026-04-04 23:59:37] Epoch 29 | Train Loss: 21.5878 | Val Loss: 0.7087 | Macro-F1: 0.6083 | LR: 0.00002500
[2026-04-05 00:02:52] ------------------------------
[2026-04-05 00:02:52] Epoch 30 | Train Loss: 22.1041 | Val Loss: 0.5942 | Macro-F1: 0.6199 | LR: 0.00002500
[2026-04-05 00:06:06] ------------------------------
[2026-04-05 00:06:06] Epoch 31 | Train Loss: 21.6801 | Val Loss: 0.5494 | Macro-F1: 0.6245 | LR: 0.00002500
[2026-04-05 00:09:21] ------------------------------
[2026-04-05 00:09:21] Epoch 32 | Train Loss: 21.5188 | Val Loss: 0.3944 | Macro-F1: 0.6656 | LR: 0.00001250
[2026-04-05 00:09:24] ✅ 发现更佳模型! 保存路径: best_convnext_fold1.pth, Macro-F1: 0.6656
[2026-04-05 00:12:38] ------------------------------
[2026-04-05 00:12:38] Epoch 33 | Train Loss: 21.6395 | Val Loss: 0.5978 | Macro-F1: 0.6104 | LR: 0.00001250
[2026-04-05 00:15:53] ------------------------------
[2026-04-05 00:15:53] Epoch 34 | Train Loss: 21.3050 | Val Loss: 0.7061 | Macro-F1: 0.6024 | LR: 0.00001250
[2026-04-05 00:19:07] ------------------------------
[2026-04-05 00:19:07] Epoch 35 | Train Loss: 21.4130 | Val Loss: 0.8851 | Macro-F1: 0.5632 | LR: 0.00001250
[2026-04-05 00:22:22] ------------------------------
[2026-04-05 00:22:22] Epoch 36 | Train Loss: 21.1928 | Val Loss: 0.8011 | Macro-F1: 0.5745 | LR: 0.00001250
[2026-04-05 00:25:36] ------------------------------
[2026-04-05 00:25:36] Epoch 37 | Train Loss: 21.1528 | Val Loss: 0.7685 | Macro-F1: 0.6123 | LR: 0.00001250
[2026-04-05 00:28:51] ------------------------------
[2026-04-05 00:28:51] Epoch 38 | Train Loss: 21.1747 | Val Loss: 0.5934 | Macro-F1: 0.6115 | LR: 0.00001250
[2026-04-05 00:32:05] ------------------------------
[2026-04-05 00:32:05] Epoch 39 | Train Loss: 21.2177 | Val Loss: 0.5608 | Macro-F1: 0.6358 | LR: 0.00000625
[2026-04-05 00:35:20] ------------------------------
[2026-04-05 00:35:20] Epoch 40 | Train Loss: 21.2793 | Val Loss: 0.8497 | Macro-F1: 0.5838 | LR: 0.00000625
[2026-04-05 00:38:35] ------------------------------
[2026-04-05 00:38:35] Epoch 41 | Train Loss: 21.1147 | Val Loss: 0.8609 | Macro-F1: 0.5720 | LR: 0.00000625
[2026-04-05 00:41:50] ------------------------------
[2026-04-05 00:41:50] Epoch 42 | Train Loss: 21.2323 | Val Loss: 0.6956 | Macro-F1: 0.5938 | LR: 0.00000625
[2026-04-05 00:45:04] ------------------------------
[2026-04-05 00:45:04] Epoch 43 | Train Loss: 21.1120 | Val Loss: 0.7951 | Macro-F1: 0.5820 | LR: 0.00000625
[2026-04-05 00:48:19] ------------------------------
[2026-04-05 00:48:19] Epoch 44 | Train Loss: 21.1825 | Val Loss: 0.7257 | Macro-F1: 0.5901 | LR: 0.00000625
[2026-04-05 00:51:33] ------------------------------
[2026-04-05 00:51:33] Epoch 45 | Train Loss: 21.1009 | Val Loss: 0.8180 | Macro-F1: 0.5785 | LR: 0.00000313
[2026-04-05 00:54:48] ------------------------------
[2026-04-05 00:54:48] Epoch 46 | Train Loss: 21.0624 | Val Loss: 0.7110 | Macro-F1: 0.5898 | LR: 0.00000313
[2026-04-05 00:58:03] ------------------------------
[2026-04-05 00:58:03] Epoch 47 | Train Loss: 21.2587 | Val Loss: 0.6128 | Macro-F1: 0.6091 | LR: 0.00000313
[2026-04-05 01:01:17] ------------------------------
[2026-04-05 01:01:17] Epoch 48 | Train Loss: 21.1437 | Val Loss: 0.6685 | Macro-F1: 0.6019 | LR: 0.00000313
[2026-04-05 01:04:32] ------------------------------
[2026-04-05 01:04:32] Epoch 49 | Train Loss: 21.0678 | Val Loss: 0.6788 | Macro-F1: 0.5973 | LR: 0.00000313
[2026-04-05 01:07:46] ------------------------------
[2026-04-05 01:07:46] Epoch 50 | Train Loss: 21.2409 | Val Loss: 0.6583 | Macro-F1: 0.6005 | LR: 0.00000313
[2026-04-05 01:11:01] ------------------------------
[2026-04-05 01:11:01] Epoch 51 | Train Loss: 21.1165 | Val Loss: 0.6738 | Macro-F1: 0.5976 | LR: 0.00000156
[2026-04-05 01:14:15] ------------------------------
[2026-04-05 01:14:15] Epoch 52 | Train Loss: 21.1340 | Val Loss: 0.6627 | Macro-F1: 0.6001 | LR: 0.00000156
[2026-04-05 01:17:30] ------------------------------
[2026-04-05 01:17:30] Epoch 53 | Train Loss: 21.0937 | Val Loss: 0.6618 | Macro-F1: 0.5990 | LR: 0.00000156
[2026-04-05 01:20:44] ------------------------------
[2026-04-05 01:20:44] Epoch 54 | Train Loss: 21.0833 | Val Loss: 0.6789 | Macro-F1: 0.5939 | LR: 0.00000156
[2026-04-05 01:23:59] ------------------------------
[2026-04-05 01:23:59] Epoch 55 | Train Loss: 21.1318 | Val Loss: 0.7383 | Macro-F1: 0.5858 | LR: 0.00000156
[2026-04-05 01:27:14] ------------------------------
[2026-04-05 01:27:14] Epoch 56 | Train Loss: 21.0448 | Val Loss: 0.7737 | Macro-F1: 0.5807 | LR: 0.00000156
[2026-04-05 01:30:28] ------------------------------
[2026-04-05 01:30:28] Epoch 57 | Train Loss: 21.1003 | Val Loss: 0.7756 | Macro-F1: 0.5819 | LR: 0.00000078
[2026-04-05 01:33:43] ------------------------------
[2026-04-05 01:33:43] Epoch 58 | Train Loss: 21.0496 | Val Loss: 0.7682 | Macro-F1: 0.5832 | LR: 0.00000078
[2026-04-05 01:36:58] ------------------------------
[2026-04-05 01:36:58] Epoch 59 | Train Loss: 21.0499 | Val Loss: 0.7751 | Macro-F1: 0.5848 | LR: 0.00000078
